******************************************************************************
                  TI ARM Linker PC v20.2.5                     
******************************************************************************
>> Linked Tue Oct 26 17:10:20 2021

OUTPUT FILE NAME:   <uartecho_CC1352P_4_LAUNCHXL_tirtos_ccs.out>
ENTRY POINT SYMBOL: "ResetISR"  address: 00007ae1


MEMORY CONFIGURATION

         name            origin    length      used     unused   attr    fill
----------------------  --------  ---------  --------  --------  ----  --------
  FLASH                 00000000   00058000  00009a60  0004e5a0  R  X
  GPRAM                 11000000   00002000  00000000  00002000  RW X
  SRAM                  20000000   00014000  0000592d  0000e6d3  RW X
  LOG_DATA              90000000   00040000  00000000  00040000  R   


SEGMENT ALLOCATION MAP

run origin  load origin   length   init length attrs members
----------  ----------- ---------- ----------- ----- -------
00000000    00000000    00002000   00002000    r-x
  00000000    00000000    0000003c   0000003c    r-- .resetVecs
  0000003c    0000003c    00001fc4   00001fc4    r-x .text.1
00002000    00002000    00004000   00000000    rw-
  00002000    00002000    00004000   00000000    rw- .TI.bound:flashBuf0
00006000    00006000    00003a08   00003a08    r-x
  00006000    00006000    00003148   00003148    r-x .text.2
  00009148    00009148    000006e0   000006e0    r-- .const
  00009828    00009828    000001e0   000001e0    r-- .cinit
00057fa8    00057fa8    00000058   00000058    r--
  00057fa8    00057fa8    00000058   00000058    r-- .ccfg
20000100    20000100    0000000c   00000000    rw-
  20000100    20000100    00000004   00000000    rw- .data:xdcRomConstPtr
  20000104    20000104    00000004   00000000    rw- .data:xdcRomExternFuncPtr
  20000108    20000108    00000004   00000000    rw- .data:xdcRomStatePtr
20000110    20000110    00004000   00000000    r--
  20000110    20000110    00004000   00000000    r-- .priheap
20004110    20004110    00001450   00000000    rw-
  20004110    20004110    00000e81   00000000    rw- .bss
  20004f98    20004f98    000005c8   00000000    rw- .data
20013c00    20013c00    00000400   00000000    rw-
  20013c00    20013c00    00000400   00000000    rw- .stack


SECTION ALLOCATION MAP

 output                                  attributes/
section   page    origin      length       input sections
--------  ----  ----------  ----------   ----------------
.binit     0    00000000    00000000     

.cinit     0    00009828    000001e0     
                  00009828    00000186     (.cinit..data.load) [load image, compression = lzss]
                  000099ae    00000002     --HOLE-- [fill = 0]
                  000099b0    0000000c     (__TI_handler_table)
                  000099bc    00000004     --HOLE-- [fill = 0]
                  000099c0    00000008     (.cinit..bss.load) [load image, compression = zero_init]
                  000099c8    00000008     (.cinit..data:xdcRomConstPtr.load) [load image, compression = lzss]
                  000099d0    00000008     (.cinit..data:xdcRomExternFuncPtr.load) [load image, compression = lzss]
                  000099d8    00000008     (.cinit..data:xdcRomStatePtr.load) [load image, compression = lzss]
                  000099e0    00000028     (__TI_cinit_table)

.init_array 
*          0    00000000    00000000     UNINITIALIZED

.ccfg      0    00057fa8    00000058     
                  00057fa8    00000058     ti_devices_config.obj (.ccfg:retain)

.bss       0    20004110    00000e81     UNINITIALIZED
                  20004110    00000400     main_tirtos.obj (.bss:clithreadStack)
                  20004510    00000400     main_tirtos.obj (.bss:ledthreadStack)
                  20004910    00000200     release_pem4f.oem4f (.bss:taskStackSection)
                  20004b10    000001bc     (.common:uartCC26XXObjects)
                  20004ccc    000000d8     (.common:ti_sysbios_family_arm_m3_Hwi_dispatchTable)
                  20004da4    0000007c     (.common:pinHandleTable)
                  20004e20    00000050     drivers_cc13x2.a : PINCC26XX.oem4f (.bss:pinSemaphore)
                  20004e70    0000003c                      : PINCC26XX.oem4f (.bss:pinSwi)
                  20004eac    00000024     (.common:semParams)
                  20004ed0    00000020                      : GPIOCC26XX.oem4f (.bss:gpioCallbackInfo)
                  20004ef0    00000020                      : PINCC26XX.oem4f (.bss:pinGpioConfigTable)
                  20004f10    00000020     ti_drivers_config.obj (.bss:uartCC26XXRingBuffer0)
                  20004f30    0000001c     uartecho.obj (.bss:my_semStruct)
                  20004f4c    0000001c     drivers_cc13x2.a : PINCC26XX.oem4f (.bss:pinHwi)
                  20004f68    0000000c                      : GPIOCC26XX.oem4f (.bss:gpioPinState)
                  20004f74    00000008                      : GPIOCC26XX.oem4f (.bss)
                  20004f7c    00000004                      : PINCC26XX.oem4f (.bss)
                  20004f80    00000004     uartecho.obj (.bss)
                  20004f84    00000004     (.common:PowerCC26XX_swiKey)
                  20004f88    00000004     (.common:PowerCC26XX_taskKey)
                  20004f8c    00000004     (.common:uart)
                  20004f90    00000001     (.common:driverlib_release_0_60278)

.data      0    20004f98    000005c8     UNINITIALIZED
                  20004f98    00000170     drivers_cc13x2.a : PowerCC26X2.oem4f (.data:PowerCC26X2_module)
                  20005108    0000010c     release_pem4f.oem4f (.data:ROM_stateStruct)
                  20005214    000000b4     rom_sysbios.aem4f : rom_sysbios.obj (.data:$O1$$)
                  200052c8    0000004c     release_pem4f.oem4f (.data:ti_sysbios_knl_Task_Object__table__V)
                  20005314    00000004     ti_drivers_config.obj (.data:gpioCallbackFunctions)
                  20005318    00000048     release_pem4f.oem4f (.data:ti_sysbios_family_arm_cc26xx_Timer_Object__table__V)
                  20005360    00000038     release_pem4f.oem4f (.data:ti_sysbios_gates_GateMutex_Object__table__V)
                  20005398    00000030     release_pem4f.oem4f (.data:ti_sysbios_knl_Swi_Module_State_0_readyQ__A)
                  200053c8    00000030     release_pem4f.oem4f (.data:ti_sysbios_knl_Swi_Object__table__V)
                  200053f8    00000030     release_pem4f.oem4f (.data:ti_sysbios_knl_Task_Module_State_0_readyQ__A)
                  20005428    00000024     driverlib.lib : osc.obj (.data:$O1$$)
                  2000544c    00000020     release_pem4f.oem4f (.data:ti_sysbios_knl_Clock_Object__table__V)
                  2000546c    00000020     release_pem4f.oem4f (.data:xdc_runtime_Error_IgnoreBlock)
                  2000548c    00000018     release_pem4f.oem4f (.data:ti_sysbios_family_arm_m3_Hwi_Object__table__V)
                  200054a4    00000018     release_pem4f.oem4f (.data:ti_sysbios_heaps_HeapMem_Object__table__V)
                  200054bc    00000008     rtsv7M4_T_le_v4SPD16_eabi.lib : _lock.c.obj (.data:$O1$$)
                  200054c4    00000008     drivers_cc13x2.a : PINCC26XX.oem4f (.data)
                  200054cc    00000008     ti_printf.obj (.data)
                  200054d4    00000008     release_pem4f.oem4f (.data:ti_sysbios_family_arm_m3_Hwi_Module__root__V)
                  200054dc    00000008     release_pem4f.oem4f (.data:ti_sysbios_gates_GateHwi_Module__root__V)
                  200054e4    00000008     release_pem4f.oem4f (.data:ti_sysbios_gates_GateMutex_Module__root__V)
                  200054ec    00000008     release_pem4f.oem4f (.data:ti_sysbios_hal_Hwi_Module__root__V)
                  200054f4    00000008     release_pem4f.oem4f (.data:ti_sysbios_heaps_HeapMem_Module__root__V)
                  200054fc    00000008     release_pem4f.oem4f (.data:ti_sysbios_knl_Clock_Module__root__V)
                  20005504    00000008     release_pem4f.oem4f (.data:ti_sysbios_knl_Event_Module__root__V)
                  2000550c    00000008     release_pem4f.oem4f (.data:ti_sysbios_knl_Mailbox_Module__root__V)
                  20005514    00000008     release_pem4f.oem4f (.data:ti_sysbios_knl_Queue_Module__root__V)
                  2000551c    00000008     release_pem4f.oem4f (.data:ti_sysbios_knl_Semaphore_Module__root__V)
                  20005524    00000008     release_pem4f.oem4f (.data:ti_sysbios_knl_Swi_Module__root__V)
                  2000552c    00000008     release_pem4f.oem4f (.data:ti_sysbios_knl_Task_Module__root__V)
                  20005534    00000008     release_pem4f.oem4f (.data:xdc_runtime_System_Module_State_0_atexitHandlers__A)
                  2000553c    00000005     drivers_cc13x2.a : GPIOCC26XX.oem4f (.data)
                  20005541    00000001                      : UART.oem4f (.data)
                  20005542    00000002     release_pem4f.oem4f (.data:ti_sysbios_family_arm_m3_Hwi_Module_State_0_excActive__A)
                  20005544    00000004     ti_drivers_config.obj (.data:gpioPinConfigs)
                  20005548    00000004     drivers_cc13x2.a : GPIOCC26XX.oem4f (.data:gpioPinTable)
                  2000554c    00000004     rtsv7M4_T_le_v4SPD16_eabi.lib : stkdepth_vars.c.obj (.data)
                  20005550    00000004                                   : strtok.c.obj (.data)
                  20005554    00000004     release_pem4f.oem4f (.data:ti_sysbios_family_arm_m3_Hwi_Module_State_0_excContext__A)
                  20005558    00000004     release_pem4f.oem4f (.data:ti_sysbios_family_arm_m3_Hwi_Module_State_0_excStack__A)
                  2000555c    00000004     release_pem4f.oem4f (.data:ti_sysbios_knl_Task_Module_State_0_idleTask__A)

.stack     0    20013c00    00000400     UNINITIALIZED
                  20013c00    00000400     --HOLE--

.priheap   0    20000110    00004000     UNINITIALIZED
                  20000110    00004000     --HOLE--

.log_data 
*          0    90000000    00000000     COPY SECTION

.data:xdcRomConstPtr 
*          0    20000100    00000004     UNINITIALIZED
                  20000100    00000004     release_pem4f.oem4f (.data:xdcRomConstPtr)

.data:xdcRomExternFuncPtr 
*          0    20000104    00000004     UNINITIALIZED
                  20000104    00000004     release_pem4f.oem4f (.data:xdcRomExternFuncPtr)

.data:xdcRomStatePtr 
*          0    20000108    00000004     UNINITIALIZED
                  20000108    00000004     release_pem4f.oem4f (.data:xdcRomStatePtr)

.bootVecs 
*          0    00000000    00000008     DSECT
                  00000000    00000008     boot.aem4f : boot.oem4f (.bootVecs)

.resetVecs 
*          0    00000000    0000003c     
                  00000000    0000003c     release_pem4f.oem4f (.resetVecs)

.TI.bound:flashBuf0 
*          0    00002000    00004000     UNINITIALIZED
                  00002000    00004000     ti_drivers_config.obj (.TI.bound:flashBuf0)

.vecs      0    20000000    000000d8     NOLOAD SECTION
                  20000000    000000d8     release_pem4f.oem4f (.vecs)

xdc.meta   0    00000000    00000102     COPY SECTION
                  00000000    00000102     release_pem4f.oem4f (xdc.meta)

xdc.noload 
*          0    00000000    00000000     COPY SECTION

__llvm_prf_cnts 
*          0    20000000    00000000     UNINITIALIZED

.text.1    0    0000003c    00001fc4     
                  0000003c    00000598     uartecho.obj (.text:cliThread)
                  000005d4    00000008     (.tramp.ti_sysbios_knl_Semaphore_construct.1)
                  000005dc    00000008     (.tramp.strlen.1)
                  000005e4    00000008     (.tramp.ti_sysbios_knl_Task_sleep__E.1)
                  000005ec    000003fb     ti_printf.obj (.text:ee_vsprintf)
                  000009e7    00000001     --HOLE-- [fill = 0]
                  000009e8    0000021c     ti_printf.obj (.text:number)
                  00000c04    000001f4     drivers_cc13x2.a : PINCC26XX.oem4f (.text:PIN_init)
                  00000df8    000001b6     rtsv7M4_T_le_v4SPD16_eabi.lib : fd_add_t2.asm.obj (.text)
                  00000fae    00000002     ti_drivers_config.obj (.text:Board_initHook)
                  00000fb0    00000198     drivers_cc13x2.a : PowerCC26X2.oem4f (.text:Power_sleep)
                  00001148    00000190                      : PowerCC26X2_calibrateRCOSC.oem4f (.text:calibrateRcoscHf1)
                  000012d8    0000018c                      : PowerCC26X2_calibrateRCOSC.oem4f (.text:runCalibrateFsm)
                  00001464    00000188     release_pem4f.oem4f (.text:xdc_runtime_System_printfExtend__I)
                  000015ec    00000008     (.tramp.xdc_runtime_System_doPrint__I.1)
                  000015f4    00000174     drivers_cc13x2.a : PowerCC26X2.oem4f (.text:Power_init)
                  00001768    00000164                      : UARTCC26XX.oem4f (.text:UARTCC26XX_open)
                  000018cc    00000008     (.tramp.ti_sysbios_family_arm_m3_Hwi_restoreFxn__E.1)
                  000018d4    00000164     ti_printf.obj (.text:iaddr)
                  00001a38    00000154     drivers_cc13x2.a : UARTCC26XX.oem4f (.text:UARTCC26XX_hwiIntFxn)
                  00001b8c    0000013a                      : UARTCC26XX.oem4f (.text:UARTCC26XX_read)
                  00001cc6    00000002     rtsv7M4_T_le_v4SPD16_eabi.lib : _lock.c.obj (.text:_nop)
                  00001cc8    00000120     drivers_cc13x2.a : PowerCC26X2.oem4f (.text:configureXOSCHF)
                  00001de8    00000114                      : PINCC26XX.oem4f (.text:PINCC26XX_setIoCfg)
                  00001efc    000000fc     rtsv7M4_T_le_v4SPD16_eabi.lib : fd_mul_t2.asm.obj (.text)
                  00001ff8    00000008     drivers_cc13x2.a : UARTCC26XX.oem4f (.text:UARTCC26XX_init)

.text.2    0    00006000    00003148     
                  00006000    00000110     drivers_cc13x2.a : GPIOCC26XX.oem4f (.text:GPIO_setConfig)
                  00006110    000000f8     ti_printf.obj (.text:eaddr)
                  00006208    000000f0     driverlib.lib : sys_ctrl.obj (.text:NOROM_SysCtrlStandby)
                  000062f8    000000e0     drivers_cc13x2.a : UARTCC26XX.oem4f (.text:UARTCC26XX_write)
                  000063d8    000000c8     dpl_cc13x2.a : PowerCC26X2_tirtos.oem4f (.text:PowerCC26XX_standbyPolicy)
                  000064a0    000000c4     drivers_cc13x2.a : GPIOCC26XX.oem4f (.text:GPIO_init)
                  00006564    000000c0                      : PowerCC26X2.oem4f (.text:Power_releaseDependency)
                  00006624    000000c0                      : UARTCC26XX.oem4f (.text:UARTCC26XX_initIO)
                  000066e4    000000b8                      : PowerCC26X2.oem4f (.text:Power_setDependency)
                  0000679c    000000b8                      : UARTCC26XX.oem4f (.text:UARTCC26XX_initHw)
                  00006854    000000ac                      : PINCC26XX.oem4f (.text:PIN_open)
                  00006900    000000ac     driverlib.lib : setup.obj (.text:TrimAfterColdResetWakeupFromShutDown)
                  000069ac    000000a0     auto_init.aem4f : auto_init.oem4f (.text)
                  00006a4c    0000009c     rtsv7M4_T_le_v4SPD16_eabi.lib : memcpy_t2.asm.obj (.text)
                  00006ae8    00000098     driverlib.lib : setup.obj (.text:NOROM_SetupTrimDevice)
                  00006b80    00000098     drivers_cc13x2.a : UARTCC26XX.oem4f (.text:writeTxFifoFlush)
                  00006c18    00000096     rtsv7M4_T_le_v4SPD16_eabi.lib : ull_div_t2.asm.obj (.text)
                  00006cae    00000092     drivers_cc13x2.a : UARTCC26XX.oem4f (.text:UARTCC26XX_writeCancel)
                  00006d40    00000088     driverlib.lib : osc.obj (.text:NOROM_OSCHF_AttemptToSwitchToXosc)
                  00006dc8    00000088     drivers_cc13x2.a : PowerCC26X2_calibrateRCOSC.oem4f (.text:calibrateRcoscHf2)
                  00006e50    00000088                      : PowerCC26X2.oem4f (.text:disableLFClockQualifiers)
                  00006ed8    00000088                      : PowerCC26X2_calibrateRCOSC.oem4f (.text:updateSubSecInc)
                  00006f60    00000086     rtsv7M4_T_le_v4SPD16_eabi.lib : fd_cmp_t2.asm.obj (.text:__aeabi_cdcmple)
                  00006fe6    00000086                                   : fd_cmp_t2.asm.obj (.text:__aeabi_cdrcmple)
                  0000706c    00000084     ti_drivers_config.obj (.text:Board_sendExtFlashByte)
                  000070f0    00000084     drivers_cc13x2.a : UARTCC26XX.oem4f (.text:UARTCC26XX_close)
                  00007174    00000084     rom_sysbios.aem4f : rom_sysbios.obj (.text:ti_sysbios_family_arm_m3_Hwi_excHandlerMin__I)
                  000071f8    00000080     driverlib.lib : chipinfo.obj (.text:NOROM_ChipInfo_GetChipType)
                  00007278    00000080                   : sys_ctrl.obj (.text:NOROM_SysCtrlSetRechargeBeforePowerDown)
                  000072f8    00000080     uartecho.obj (.text:convertStrUint)
                  00007378    00000080     rom_sysbios.aem4f : rom_sysbios.obj (.text:ti_sysbios_family_arm_cc26xx_Timer_start__E)
                  000073f8    0000007a     rtsv7M4_T_le_v4SPD16_eabi.lib : memset_t2.asm.obj (.text)
                  00007472    00000076     rom_sysbios.aem4f : rom_sysbios.obj (.text:ti_sysbios_heaps_HeapMem_allocUnprotected__E)
                  000074e8    00000075     uartecho.obj (.text:int2hex)
                  0000755d    00000001     --HOLE-- [fill = 0]
                  0000755e    00000002     drivers_cc13x2.a : PowerCC26X2.oem4f (.text:emptyClockFunc)
                  00007560    00000074                      : PowerCC26X2_calibrateRCOSC.oem4f (.text:PowerCC26X2_auxISR)
                  000075d4    00000070                      : PINCC26XX.oem4f (.text:PIN_add)
                  00007644    0000006d     rom_sysbios.aem4f : rom_sysbios.obj (.text:xdc_runtime_System_formatNum__I)
                  000076b1    00000001     --HOLE-- [fill = 0]
                  000076b2    00000002     rtsv7M4_T_le_v4SPD16_eabi.lib : div0.asm.obj (.text)
                  000076b4    0000006c     main_tirtos.obj (.text:main)
                  00007720    00000068     driverlib.lib : osc.obj (.text:NOROM_OSCHF_SwitchToRcOscTurnOffXosc)
                  00007788    00000068     rtsv7M4_T_le_v4SPD16_eabi.lib : copy_decompress_lzss.c.obj (.text:decompress:lzss:__TI_decompress_lzss)
                  000077f0    00000064     drivers_cc13x2.a : UARTCC26XX.oem4f (.text:UARTCC26XX_control)
                  00007854    00000062                      : UARTCC26XX.oem4f (.text:UARTCC26XX_swiIntFxn)
                  000078b6    00000002     release_pem4f.oem4f (.text:ti_sysbios_BIOS_nullFunc__I)
                  000078b8    00000060     drivers_cc13x2.a : GPIOCC26XX.oem4f (.text:GPIO_write)
                  00007918    0000005c                      : PINCC26XX.oem4f (.text:PIN_remove)
                  00007974    0000005c                      : UARTCC26XX.oem4f (.text:startTxFifoEmptyClk)
                  000079d0    0000005c     rom_sysbios.aem4f : rom_sysbios.obj (.text:ti_sysbios_heaps_HeapMem_initPrimary__I)
                  00007a2c    0000005c     release_pem4f.oem4f (.text:xdc_runtime_Startup_getState__I)
                  00007a88    00000058     drivers_cc13x2.a : PowerCC26X2_calibrateRCOSC.oem4f (.text:PowerCC26X2_initiateCalibration)
                  00007ae0    00000058     boot.aem4f : boot.oem4f (.text)
                  00007b38    00000058     uartecho.obj (.text:hex2int)
                  00007b90    00000058     rom_sysbios.aem4f : rom_sysbios.obj (.text:ti_sysbios_heaps_HeapMem_alloc__E)
                  00007be8    00000054     driverlib.lib : prcm.obj (.text:NOROM_PRCMPowerDomainsAllOff)
                  00007c3c    00000054     dpl_cc13x2.a : SwiP_tirtos.oem4f (.text:SwiP_construct)
                  00007c90    00000050     ti_printf.obj (.text:bm_printf)
                  00007ce0    0000004c     ti_drivers_config.obj (.text:Board_wakeUpExtFlash)
                  00007d2c    0000004c     driverlib.lib : prcm.obj (.text:NOROM_PRCMPowerDomainsAllOn)
                  00007d78    0000004c     drivers_cc13x2.a : UARTCC26XX.oem4f (.text:UARTCC26XX_readCancel)
                  00007dc4    0000004c     rtsv7M4_T_le_v4SPD16_eabi.lib : cpy_tbl.c.obj (.text:copy_in)
                  00007e10    00000048     drivers_cc13x2.a : PINCC26XX.oem4f (.text:PIN_setOutputEnable)
                  00007e58    00000048                      : PowerCC26X2_calibrateRCOSC.oem4f (.text:PowerCC26X2_RCOSC_clockFunc)
                  00007ea0    00000048                      : PowerCC26X2.oem4f (.text:switchXOSCHF)
                  00007ee8    00000048                      : UARTCC26XX.oem4f (.text:writeFinishedDoCallback)
                  00007f30    00000046                      : RingBuf.oem4f (.text:RingBuf_put)
                  00007f76    00000002     rom_sysbios.aem4f : rom_sysbios.obj (.text:xdc_runtime_SysCallback_defaultAbort)
                  00007f78    00000044     driverlib.lib : chipinfo.obj (.text:NOROM_ChipInfo_GetHwRevision)
                  00007fbc    00000044     drivers_cc13x2.a : PINCC26XX.oem4f (.text:PIN_swi)
                  00008000    00000044                      : UART.oem4f (.text:UART_init)
                  00008044    00000044     led.obj (.text:ledThread)
                  00008088    00000044     rtsv7M4_T_le_v4SPD16_eabi.lib : fd_tou_t2.asm.obj (.text)
                  000080cc    00000040     ti_drivers_config.obj (.text:Board_shutDownExtFlash)
                  0000810c    00000040     dpl_cc13x2.a : ClockP_tirtos.oem4f (.text:ClockP_construct)
                  0000814c    00000040     driverlib.lib : osc.obj (.text:NOROM_OSC_HPOSCRelativeFrequencyOffsetGet)
                  0000818c    00000040     drivers_cc13x2.a : RingBuf.oem4f (.text:RingBuf_get)
                  000081cc    00000040                      : UART.oem4f (.text:UART_open)
                  0000820c    00000040     rtsv7M4_T_le_v4SPD16_eabi.lib : u_divt2.asm.obj (.text)
                  0000824c    00000040     ti_printf.obj (.text:skip_atoi)
                  0000828c    00000040     rtsv7M4_T_le_v4SPD16_eabi.lib : strtok.c.obj (.text:strtok)
                  000082cc    00000040     rom_sysbios.aem4f : rom_sysbios.obj (.text:ti_sysbios_family_arm_cc26xx_Timer_setThreshold__I)
                  0000830c    0000003e     dpl_cc13x2.a : HwiP_tirtos.oem4f (.text:HwiP_construct)
                  0000834a    00000002     rom_sysbios.aem4f : rom_sysbios.obj (.text:xdc_runtime_SysCallback_defaultExit)
                  0000834c    0000003c     drivers_cc13x2.a : PINCC26XX.oem4f (.text:PIN_setOutputValue)
                  00008388    0000003c     rom_sysbios.aem4f : rom_sysbios.obj (.text:ti_sysbios_family_arm_m3_Hwi_construct2__E)
                  000083c4    00000038     drivers_cc13x2.a : PINCC26XX.oem4f (.text:PIN_setConfig)
                  000083fc    00000038                      : PowerCC26X2.oem4f (.text:notify)
                  00008434    00000038                      : UARTCC26XX.oem4f (.text:readData)
                  0000846c    00000038     rtsv7M4_T_le_v4SPD16_eabi.lib : fs_tod_t2.asm.obj (.text)
                  000084a4    00000038     drivers_cc13x2.a : UARTCC26XX.oem4f (.text:writeData)
                  000084dc    00000034     driverlib.lib : aux_sysif.obj (.text:NOROM_AUXSYSIFOpModeChange)
                  00008510    00000034                   : sys_ctrl.obj (.text:NOROM_SysCtrlIdle)
                  00008544    00000034     drivers_cc13x2.a : UARTCC26XX.oem4f (.text:readData2RingBuf)
                  00008578    00000032     rom_sysbios.aem4f : rom_sysbios.obj (.text:ti_sysbios_family_arm_cc26xx_Timer_setNextTick__E)
                  000085aa    00000002                       : rom_sysbios.obj (.text:xdc_runtime_SysCallback_defaultFlush)
                  000085ac    00000030     drivers_cc13x2.a : GPIOCC26XX.oem4f (.text:GPIO_hwiIntFxn)
                  000085dc    00000030                      : GPIOCC26XX.oem4f (.text:GPIO_setCallback)
                  0000860c    00000030                      : PINCC26XX.oem4f (.text:PINCC26XX_setMux)
                  0000863c    00000030                      : PowerCC26X2.oem4f (.text:Power_releaseConstraint)
                  0000866c    00000030                      : PowerCC26X2.oem4f (.text:Power_setConstraint)
                  0000869c    00000030     release_pem4f.oem4f (.text:ti_sysbios_BIOS_atExitFunc__I)
                  000086cc    00000030     release_pem4f.oem4f (.text:ti_sysbios_BIOS_startFunc__I)
                  000086fc    00000030     rom_sysbios.aem4f : rom_sysbios.obj (.text:ti_sysbios_family_arm_cc26xx_Timer_getCurrentTick__E)
                  0000872c    00000030                       : rom_sysbios.obj (.text:ti_sysbios_family_arm_cc26xx_Timer_initDevice__I)
                  0000875c    00000030     uartecho.obj (.text:uart_read_string)
                  0000878c    00000030     uartecho.obj (.text:uart_write_string)
                  000087bc    0000002e     ti_printf.obj (.text:strnlen)
                  000087ea    0000002c     dpl_cc13x2.a : SemaphoreP_tirtos.oem4f (.text:SemaphoreP_constructBinary)
                  00008816    00000002     rom_sysbios.aem4f : rom_sysbios.obj (.text:xdc_runtime_SysCallback_defaultPutch)
                  00008818    0000002c     dpl_cc13x2.a : SemaphoreP_tirtos.oem4f (.text:SemaphoreP_createBinary)
                  00008844    0000002c     rom_sysbios.aem4f : rom_sysbios.obj (.text:_pthread_delete$45)
                  00008870    0000002c                       : rom_sysbios.obj (.text:ti_sysbios_knl_Clock_getTicksUntilInterrupt__E)
                  0000889c    0000002a     rtsv7M4_T_le_v4SPD16_eabi.lib : strspn.c.obj (.text:strspn)
                  000088c6    00000002     --HOLE-- [fill = 0]
                  000088c8    00000028     drivers_cc13x2.a : PowerCC26X2.oem4f (.text:Power_registerNotify)
                  000088f0    00000028                      : PowerCC26X2.oem4f (.text:oscillatorISR)
                  00008918    00000026                      : List.oem4f (.text:List_put)
                  0000893e    00000026                      : List.oem4f (.text:List_remove)
                  00008964    00000024     driverlib.lib : osc.obj (.text:NOROM_OSCHF_TurnOnXosc)
                  00008988    00000024     rom_sysbios.aem4f : rom_sysbios.obj (.text:_pthread_cleanupFxn)
                  000089ac    00000024     drivers_cc13x2.a : PowerCC26X2_calibrateRCOSC.oem4f (.text:getTdcSemaphore)
                  000089d0    00000024     rtsv7M4_T_le_v4SPD16_eabi.lib : strcspn.c.obj (.text:strcspn)
                  000089f4    00000024     release_pem4f.oem4f (.text:ti_sysbios_BIOS_registerRTSLock__I)
                  00008a18    00000024     release_pem4f.oem4f (.text:ti_sysbios_BIOS_removeRTSLock__I)
                  00008a3c    00000024     rom_sysbios.aem4f : rom_sysbios.obj (.text:ti_sysbios_family_arm_cc26xx_Timer_getMaxTicks__E)
                  00008a60    00000020     ti_drivers_config.obj (.text:Board_init)
                  00008a80    00000020     drivers_cc13x2.a : PINCC26XX.oem4f (.text:PINCC26XX_setIoCfgMux)
                  00008aa0    00000020                      : PowerCC26X2.oem4f (.text:Power_unregisterNotify)
                  00008ac0    00000020     rtsv7M4_T_le_v4SPD16_eabi.lib : u_tofd_t2.asm.obj (.text)
                  00008ae0    00000020     drivers_cc13x2.a : UARTCC26XX.oem4f (.text:threadSafeStdbyDisRelease)
                  00008b00    00000020                      : UARTCC26XX.oem4f (.text:threadSafeStdbyDisSet)
                  00008b20    00000020     release_pem4f.oem4f (.text:ti_sysbios_BIOS_rtsLock__I)
                  00008b40    00000020     rom_sysbios.aem4f : rom_sysbios.obj (.text:ti_sysbios_family_arm_cc26xx_Timer_dynamicStub__E)
                  00008b60    00000020                       : rom_sysbios.obj (.text:xdc_runtime_Error_policyMin__E)
                  00008b80    0000001e     drivers_cc13x2.a : PINCC26XX.oem4f (.text:PIN_close)
                  00008b9e    0000001e                      : PowerCC26X2.oem4f (.text:Power_getTransitionLatency)
                  00008bbc    0000001c     driverlib.lib : chipinfo.obj (.text:NOROM_ChipInfo_GetChipFamily)
                  00008bd8    0000001c     drivers_cc13x2.a : PINCC26XX.oem4f (.text:PIN_hwi)
                  00008bf4    0000001c     dpl_cc13x2.a : PowerCC26X2_tirtos.oem4f (.text:PowerCC26XX_schedulerDisable)
                  00008c10    0000001c                  : PowerCC26X2_tirtos.oem4f (.text:PowerCC26XX_schedulerRestore)
                  00008c2c    0000001c     rom_sysbios.aem4f : rom_sysbios.obj (.text:ti_sysbios_knl_Swi_construct2__E)
                  00008c48    0000001c     release_pem4f.oem4f (.text:xdc_runtime_Startup_exec__I)
                  00008c64    0000001a     drivers_cc13x2.a : PowerCC26X2.oem4f (.text:PowerCC26XX_calibrate)
                  00008c7e    00000002     --HOLE-- [fill = 0]
                  00008c80    00000018     driverlib.lib : chipinfo.obj (.text:NOROM_ChipInfo_GetPackageType)
                  00008c98    00000018     drivers_cc13x2.a : PowerCC26X2.oem4f (.text:Power_idleFunc)
                  00008cb0    00000018                      : UART.oem4f (.text:UART_Params_init)
                  00008cc8    00000018     rtsv7M4_T_le_v4SPD16_eabi.lib : args_main.c.obj (.text:_args_main)
                  00008ce0    00000018                                   : ll_mul_t2.asm.obj (.text)
                  00008cf8    00000018                                   : strcmp.c.obj (.text:strcmp)
                  00008d10    00000018     drivers_cc13x2.a : PowerCC26X2.oem4f (.text:switchToTCXO)
                  00008d28    00000018     release_pem4f.oem4f (.text:ti_sysbios_BIOS_rtsUnlock__I)
                  00008d40    00000018     rom_sysbios.aem4f : rom_sysbios.obj (.text:ti_sysbios_knl_Swi_or__E)
                  00008d58    00000018                       : rom_sysbios.obj (.text:xdc_runtime_Error_init__E)
                  00008d70    00000016     driverlib.lib : chipinfo.obj (.text:NOROM_ThisLibraryIsFor_CC13x2_CC26x2_HwRev20AndLater_HaltIfViolated)
                  00008d86    00000016     release_pem4f.oem4f (.text:ti_sysbios_BIOS_exitFunc__I)
                  00008d9c    00000016     uartecho.obj (.text:ti_sysbios_knl_Semaphore_Params_init)
                  00008db2    00000016     main_tirtos.obj (.text:ti_sysbios_knl_Task_Params_init)
                  00008dc8    00000014     drivers_cc13x2.a : PINCC26XX.oem4f (.text:PINCC26XX_getPinCount)
                  00008ddc    00000014                      : PowerCC26X2_calibrateRCOSC.oem4f (.text:PowerCC26X2_calibrate)
                  00008df0    00000014     rtsv7M4_T_le_v4SPD16_eabi.lib : strcpy.c.obj (.text:strcpy)
                  00008e04    00000014     rom_sysbios.aem4f : rom_sysbios.obj (.text:ti_sysbios_family_arm_cc26xx_Timer_getCount64__E)
                  00008e18    00000014     release_pem4f.oem4f (.text:ti_sysbios_knl_Clock_doTick__I)
                  00008e2c    00000012     drivers_cc13x2.a : RingBuf.oem4f (.text:RingBuf_construct)
                  00008e3e    00000012     dpl_cc13x2.a : SemaphoreP_tirtos.oem4f (.text:SemaphoreP_pend)
                  00008e50    00000010                  : HwiP_tirtos.oem4f (.text:HwiP_Params_init)
                  00008e60    00000010                  : SwiP_tirtos.oem4f (.text:SwiP_Params_init)
                  00008e70    00000010     drivers_cc13x2.a : UARTCC26XX.oem4f (.text:uartPostNotify)
                  00008e80    0000000e     rtsv7M4_T_le_v4SPD16_eabi.lib : copy_decompress_none.c.obj (.text:decompress:none:__TI_decompress_none)
                  00008e8e    0000000e     rom_sysbios.aem4f : rom_sysbios.obj (.text:ti_sysbios_family_arm_cc26xx_TimestampProvider_get32__E)
                  00008e9c    0000000c     dpl_cc13x2.a : ClockP_tirtos.oem4f (.text:ClockP_getSystemTickPeriod)
                  00008ea8    0000000c     driverlib.lib : cpu.obj (.text:NOROM_CPUcpsid)
                  00008eb4    0000000c                   : cpu.obj (.text:NOROM_CPUcpsie)
                  00008ec0    0000000c     drivers_cc13x2.a : PINCC26XX.oem4f (.text:PIN_registerIntCb)
                  00008ecc    0000000c                      : PowerCC26X2.oem4f (.text:Power_getConstraintMask)
                  00008ed8    0000000c                      : PowerCC26X2.oem4f (.text:Power_getDependencyCount)
                  00008ee4    0000000c     dpl_cc13x2.a : SemaphoreP_tirtos.oem4f (.text:SemaphoreP_delete)
                  00008ef0    0000000c     rtsv7M4_T_le_v4SPD16_eabi.lib : _lock.c.obj (.text:_register_lock)
                  00008efc    0000000c                                   : _lock.c.obj (.text:_register_unlock)
                  00008f08    0000000c                                   : copy_zero_init.c.obj (.text:decompress:ZI:__TI_zero_init)
                  00008f14    0000000c     uartecho.obj (.text:ti_sysbios_knl_Semaphore_handle)
                  00008f20    0000000c     rom_sysbios.aem4f : rom_sysbios.obj (.text:ti_sysbios_knl_Swi_getTrigger__E)
                  00008f2c    0000000a     dpl_cc13x2.a : ClockP_tirtos.oem4f (.text:ClockP_Params_init)
                  00008f36    0000000a     drivers_cc13x2.a : UART.oem4f (.text:UART_read)
                  00008f40    0000000a                      : UART.oem4f (.text:UART_write)
                  00008f4a    0000000a                      : UARTCC26XX.oem4f (.text:readSemCallback)
                  00008f54    00000008                      : UARTCC26XX.oem4f (.text:writeSemCallback)
                  00008f5c    00000008     release_pem4f.oem4f (.text:xdc_runtime_Text_visitRope__I)
                  00008f64    00000006     driverlib.lib : cpu.obj (.text:NOROM_CPUdelay)
                  00008f6a    00000006     drivers_cc13x2.a : UARTCC26XX.oem4f (.text:UARTCC26XX_readPolling)
                  00008f70    00000006                      : UARTCC26XX.oem4f (.text:UARTCC26XX_writePolling)
                  00008f76    00000006                      : PowerCC26X2.oem4f (.text:delayUs)
                  00008f7c    00000004     dpl_cc13x2.a : PowerCC26X2_tirtos.oem4f (.text:CPUwfi)
                  00008f80    00000004                  : ClockP_tirtos.oem4f (.text:ClockP_destruct)
                  00008f84    00000004                  : ClockP_tirtos.oem4f (.text:ClockP_getCpuFreq)
                  00008f88    00000004                  : ClockP_tirtos.oem4f (.text:ClockP_setTimeout)
                  00008f8c    00000004                  : ClockP_tirtos.oem4f (.text:ClockP_start)
                  00008f90    00000004                  : ClockP_tirtos.oem4f (.text:ClockP_stop)
                  00008f94    00000004                  : HwiP_tirtos.oem4f (.text:HwiP_destruct)
                  00008f98    00000004                  : HwiP_tirtos.oem4f (.text:HwiP_disable)
                  00008f9c    00000004                  : SemaphoreP_tirtos.oem4f (.text:SemaphoreP_destruct)
                  00008fa0    00000004                  : SemaphoreP_tirtos.oem4f (.text:SemaphoreP_post)
                  00008fa4    00000004                  : SwiP_tirtos.oem4f (.text:SwiP_destruct)
                  00008fa8    00000004                  : SwiP_tirtos.oem4f (.text:SwiP_getTrigger)
                  00008fac    00000004                  : SwiP_tirtos.oem4f (.text:SwiP_or)
                  00008fb0    00000004     drivers_cc13x2.a : PowerCC26X2.oem4f (.text:configureRFCoreClocks)
                  00008fb4    00000004                      : PowerCC26X2.oem4f (.text:nopResourceHandler)
                  00008fb8    00000004     release_pem4f.oem4f (.text:xdc_runtime_Startup_reset__I)
                  00008fbc    00000004     rom_sysbios.aem4f : rom_sysbios.obj (.text:xdc_runtime_SysCallback_defaultReady)
                  00008fc0    00000008     (.tramp.ti_sysbios_knl_Swi_destruct.1)
                  00008fc8    00000008     (.tramp.ti_sysbios_family_arm_m3_Hwi_disableFxn__E.1)
                  00008fd0    00000008     (.tramp.ti_sysbios_family_arm_m3_Hwi_destruct.1)
                  00008fd8    00000008     (.tramp.ti_sysbios_BIOS_getCpuFreq__E.1)
                  00008fe0    00000008     (.tramp.ti_sysbios_knl_Clock_destruct.1)
                  00008fe8    00000008     (.tramp.ti_sysbios_knl_Semaphore_delete.1)
                  00008ff0    00000008     (.tramp.ti_sysbios_knl_Clock_logTick__E.1)
                  00008ff8    00000008     (.tramp.ti_sysbios_knl_Task_Params__init__S.1)
                  00009000    00000008     (.tramp.ti_sysbios_knl_Swi_post__E.1)
                  00009008    00000008     (.tramp.ti_sysbios_BIOS_RtsGateProxy_leave__E.1)
                  00009010    00000008     (.tramp.ti_sysbios_knl_Swi_construct.1)
                  00009018    00000008     (.tramp.ti_sysbios_knl_Swi_restore__E.1)
                  00009020    00000008     (.tramp.ti_sysbios_BIOS_RtsGateProxy_enter__E.1)
                  00009028    00000008     (.tramp.ti_sysbios_knl_Task_restore__E.1)
                  00009030    00000008     (.tramp.ti_sysbios_knl_Clock_TimerProxy_getCurrentTick__E.1)
                  00009038    00000008     (.tramp.xdc_runtime_Memory_free__E.1)
                  00009040    00000008     (.tramp.ti_sysbios_knl_Task_delete.1)
                  00009048    00000008     (.tramp.ti_sysbios_knl_Semaphore_destruct.1)
                  00009050    00000008     (.tramp.ti_sysbios_knl_Semaphore_create.1)
                  00009058    00000008     (.tramp.ti_sysbios_knl_Semaphore_Params__init__S.1)
                  00009060    00000008     (.tramp.ti_sysbios_knl_Semaphore_post__E.1)
                  00009068    00000008     (.tramp.ti_sysbios_knl_Semaphore_pend__E.1)
                  00009070    00000008     (.tramp.ti_sysbios_knl_Task_startup__E.1)
                  00009078    00000008     (.tramp.ti_sysbios_knl_Swi_startup__E.1)
                  00009080    00000008     (.tramp.ti_sysbios_hal_Hwi_startup__E.1)
                  00009088    00000008     (.tramp.ti_sysbios_family_arm_cc26xx_Timer_startup__E.1)
                  00009090    00000008     (.tramp.xdc_runtime_System_atexit__E.1)
                  00009098    00000008     (.tramp.ti_sysbios_BIOS_linkedWithIncorrectBootLibrary__E.1)
                  000090a0    00000008     (.tramp.xdc_runtime_Startup_rtsDone__E.1)
                  000090a8    00000008     (.tramp.ti_sysbios_knl_Task_disable__E.1)
                  000090b0    00000008     (.tramp.ti_sysbios_knl_Swi_disable__E.1)
                  000090b8    00000008     (.tramp.ti_sysbios_family_arm_m3_Hwi_construct.1)
                  000090c0    00000008     (.tramp.ti_sysbios_family_arm_m3_Hwi_Params__init__S.1)
                  000090c8    00000008     (.tramp.ti_sysbios_knl_Clock_construct.1)
                  000090d0    00000008     (.tramp.ti_sysbios_knl_Clock_Params__init__S.1)
                  000090d8    00000008     (.tramp.ti_sysbios_knl_Swi_Params__init__S.1)
                  000090e0    00000008     (.tramp.ti_sysbios_heaps_HeapMem_Module_GateProxy_leave__E.1)
                  000090e8    00000008     (.tramp.ti_sysbios_heaps_HeapMem_Module_GateProxy_enter__E.1)
                  000090f0    00000008     (.tramp.xdc_runtime_System_exit__E.1)
                  000090f8    00000008     (.tramp.ti_sysbios_heaps_HeapMem_restore__E.1)
                  00009100    00000008     (.tramp.ti_sysbios_heaps_HeapMem_Object__get__S.1)
                  00009108    00000008     (.tramp.ti_sysbios_BIOS_start__E.1)
                  00009110    00000008     (.tramp.ti_sysbios_knl_Task_construct.1)
                  00009118    00000008     (.tramp.xdc_runtime_Error_raiseX__E.1)
                  00009120    00000008     (.tramp.ti_sysbios_BIOS_setThreadType__E.1)
                  00009128    00000008     (.tramp.ti_sysbios_family_arm_m3_Hwi_excFillContext__I.1)
                  00009130    00000008     (.tramp.ti_sysbios_knl_Clock_stop__E.1)
                  00009138    00000008     (.tramp.ti_sysbios_knl_Clock_start__E.1)
                  00009140    00000008     (.tramp.ti_sysbios_knl_Clock_setTimeout__E.1)

.const     0    00009148    000006e0     
                  00009148    000003b8     release_pem4f.oem4f (.const:ROM_constStruct)
                  00009500    00000054     drivers_cc13x2.a : PowerCC26X2.oem4f (.const:resourceDB)
                  00009554    0000004e     ti_printf.obj (.const:.string)
                  000095a2    00000002     uartecho.obj (.const:.string:$P$T1$2)
                  000095a4    00000048     release_pem4f.oem4f (.const:.string)
                  000095ec    00000048     release_pem4f.oem4f (.const:ROM_externFuncPtrs)
                  00009634    00000028     drivers_cc13x2.a : UARTCC26XX.oem4f (.const:UARTCC26XX_fxnTable)
                  0000965c    00000028     ti_drivers_config.obj (.const:uartCC26XXHWAttrs)
                  00009684    00000024     drivers_cc13x2.a : UART.oem4f (.const:UART_defaultParams)
                  000096a8    00000024     release_pem4f.oem4f (.const:xdc_runtime_Startup_sfxnTab__A)
                  000096cc    00000019     uartecho.obj (.const:.string:$P$T0$1)
                  000096e5    00000002     uartecho.obj (.const:.string:$P$T2$3)
                  000096e7    00000001     release_pem4f.oem4f (.const:xdc_runtime_Text_charTab__A)
                  000096e8    00000018     drivers_cc13x2.a : GPIOCC26XX.oem4f (.const:interruptType)
                  00009700    00000014     ti_drivers_config.obj (.const:$P$T1$2)
                  00009714    00000014     ti_drivers_config.obj (.const:GPIOCC26XX_config)
                  00009728    00000014     ti_drivers_config.obj (.const:PowerCC26X2_config)
                  0000973c    00000014     drivers_cc13x2.a : UARTCC26XX.oem4f (.const:parityType)
                  00009750    00000012     release_pem4f.oem4f (.const:xdc_runtime_Startup_sfxnRts__A)
                  00009762    00000002     uartecho.obj (.const:.string:$P$T3$4)
                  00009764    00000010     ti_drivers_config.obj (.const:BoardGpioInitTable)
                  00009774    00000010     drivers_cc13x2.a : UARTCC26XX.oem4f (.const:dataLength)
                  00009784    00000010                      : GPIOCC26XX.oem4f (.const:outPinTypes)
                  00009794    0000000c     ti_drivers_config.obj (.const:UART_config)
                  000097a0    0000000c     drivers_cc13x2.a : GPIOCC26XX.oem4f (.const:inPinTypes)
                  000097ac    0000000c                      : GPIOCC26XX.oem4f (.const:outPinStrengths)
                  000097b8    0000000c     release_pem4f.oem4f (.const:xdc_runtime_Startup_firstFxns__A)
                  000097c4    00000008     driverlib.lib : aux_sysif.obj (.const:$O1$$)
                  000097cc    00000008     ti_drivers_config.obj (.const:$P$T0$1)
                  000097d4    00000008     ti_drivers_config.obj (.const:PINCC26XX_hwAttrs)
                  000097dc    00000008     drivers_cc13x2.a : UARTCC26XX.oem4f (.const:stopBits)
                  000097e4    00000008     release_pem4f.oem4f (.const:ti_sysbios_family_arm_m3_Hwi_excHookFuncs__A)
                  000097ec    00000008     release_pem4f.oem4f (.const:ti_sysbios_knl_Idle_funcList__A)
                  000097f4    00000006     drivers_cc13x2.a : UARTCC26XX.oem4f (.const:.string:rxFifoBytes)
                  000097fa    00000006                      : UARTCC26XX.oem4f (.const:.string:rxFifoThreshold)
                  00009800    00000006                      : UARTCC26XX.oem4f (.const:.string:txFifoBytes)
                  00009806    00000006                      : UARTCC26XX.oem4f (.const:.string:txFifoThreshold)
                  0000980c    00000006     ti_drivers_config.obj (.const)
                  00009812    00000002     --HOLE-- [fill = 0]
                  00009814    00000004     release_pem4f.oem4f (.const:ti_sysbios_family_arm_m3_Hwi_E_exception__C)
                  00009818    00000004     release_pem4f.oem4f (.const:ti_sysbios_heaps_HeapMem_primaryHeapBaseAddr__C)
                  0000981c    00000004     release_pem4f.oem4f (.const:ti_sysbios_heaps_HeapMem_primaryHeapEndAddr__C)
                  00009820    00000004     release_pem4f.oem4f (.const:ti_sysbios_knl_Clock_tickPeriod__C)
                  00009824    00000004     release_pem4f.oem4f (.const:ti_sysbios_knl_Task_Object__heap__C)

MODULE SUMMARY

       Module                             code    ro data   rw data
       ------                             ----    -------   -------
    .\
       ti_printf.obj                      2353    78        8      
       main_tirtos.obj                    130     0         2048   
       uartecho.obj                       1895    31        72     
       led.obj                            68      0         0      
    +--+----------------------------------+-------+---------+---------+
       Total:                             4446    109       2128   
                                                                   
    .\syscfg\
       ti_drivers_config.obj              306     150       16868  
       ti_devices_config.obj              0       88        0      
    +--+----------------------------------+-------+---------+---------+
       Total:                             306     238       16868  
                                                                   
    C:\Users\cellium\workspace_v10\tirtos_builds_cc13x2_cc26x2_release_ccs\Debug\configPkg\package\cfg\
       release_pem4f.oem4f                792     1259      1802   
    +--+----------------------------------+-------+---------+---------+
       Total:                             792     1259      1802   
                                                                   
    C:/ti/simplelink_cc13x2_26x2_sdk_5_20_00_52/kernel/tirtos/packages/ti/dpl/lib/ccs/m4f/dpl_cc13x2.a
       PowerCC26X2_tirtos.oem4f           260     0         8      
       SemaphoreP_tirtos.oem4f            126     0         0      
       SwiP_tirtos.oem4f                  112     0         0      
       ClockP_tirtos.oem4f                106     0         0      
       HwiP_tirtos.oem4f                  86      0         0      
    +--+----------------------------------+-------+---------+---------+
       Total:                             690     0         8      
                                                                   
    C:/ti/simplelink_cc13x2_26x2_sdk_5_20_00_52/source/ti/devices/cc13x2_cc26x2/driverlib/bin/ccs/driverlib.lib
       sys_ctrl.obj                       420     0         0      
       osc.obj                            340     0         36     
       setup.obj                          324     0         0      
       chipinfo.obj                       270     0         0      
       prcm.obj                           160     0         0      
       aux_sysif.obj                      52      8         0      
       cpu.obj                            30      0         0      
       driverlib_release.obj              0       0         1      
    +--+----------------------------------+-------+---------+---------+
       Total:                             1596    8         37     
                                                                   
    C:/ti/simplelink_cc13x2_26x2_sdk_5_20_00_52/source/ti/drivers/lib/ccs/m4f/drivers_cc13x2.a
       UARTCC26XX.oem4f                   2760    108       0      
       PowerCC26X2.oem4f                  2060    84        368    
       PINCC26XX.oem4f                    1578    0         336    
       PowerCC26X2_calibrateRCOSC.oem4f   1400    0         0      
       GPIOCC26XX.oem4f                   660     64        61     
       UART.oem4f                         176     36        1      
       RingBuf.oem4f                      152     0         0      
       List.oem4f                         76      0         0      
    +--+----------------------------------+-------+---------+---------+
       Total:                             8862    292       766    
                                                                   
    C:\Users\cellium\workspace_v10\tirtos_builds_cc13x2_cc26x2_release_ccs\src\sysbios\rom_sysbios.aem4f
       rom_sysbios.obj                    1295    0         180    
    +--+----------------------------------+-------+---------+---------+
       Total:                             1295    0         180    
                                                                   
    C:\ti\ccs1040\ccs\tools\compiler\ti-cgt-arm_20.2.5.LTS\lib\rtsv7M4_T_le_v4SPD16_eabi.lib
       fd_add_t2.asm.obj                  438     0         0      
       fd_cmp_t2.asm.obj                  268     0         0      
       fd_mul_t2.asm.obj                  252     0         0      
       memcpy_t2.asm.obj                  156     0         0      
       ull_div_t2.asm.obj                 150     0         0      
       memset_t2.asm.obj                  122     0         0      
       copy_decompress_lzss.c.obj         104     0         0      
       cpy_tbl.c.obj                      76      0         0      
       fd_tou_t2.asm.obj                  68      0         0      
       strtok.c.obj                       64      0         4      
       u_divt2.asm.obj                    64      0         0      
       fs_tod_t2.asm.obj                  56      0         0      
       strspn.c.obj                       42      0         0      
       strcspn.c.obj                      36      0         0      
       _lock.c.obj                        26      0         8      
       u_tofd_t2.asm.obj                  32      0         0      
       args_main.c.obj                    24      0         0      
       ll_mul_t2.asm.obj                  24      0         0      
       strcmp.c.obj                       24      0         0      
       strcpy.c.obj                       20      0         0      
       copy_decompress_none.c.obj         14      0         0      
       copy_zero_init.c.obj               12      0         0      
       stkdepth_vars.c.obj                0       0         4      
       div0.asm.obj                       2       0         0      
    +--+----------------------------------+-------+---------+---------+
       Total:                             2074    0         16     
                                                                   
    C:\ti\simplelink_cc13x2_26x2_sdk_5_20_00_52\kernel\tirtos\packages\ti\targets\arm\rtsarm\lib\auto_init.aem4f
       auto_init.oem4f                    160     0         0      
    +--+----------------------------------+-------+---------+---------+
       Total:                             160     0         0      
                                                                   
    C:\ti\simplelink_cc13x2_26x2_sdk_5_20_00_52\kernel\tirtos\packages\ti\targets\arm\rtsarm\lib\boot.aem4f
       boot.oem4f                         88      0         0      
    +--+----------------------------------+-------+---------+---------+
       Total:                             88      0         0      
                                                                   
       Stack:                             0       0         1024   
       Linker Generated:                  432     474       0      
    +--+----------------------------------+-------+---------+---------+
       Grand Total:                       20741   2380      22829  


LINKER GENERATED COPY TABLES

__TI_cinit_table @ 000099e0 records: 5, size/record: 8, table size: 40
	.data: load addr=00009828, load size=00000186 bytes, run addr=20004f98, run size=000005c8 bytes, compression=lzss
	.bss: load addr=000099c0, load size=00000008 bytes, run addr=20004110, run size=00000e81 bytes, compression=zero_init
	.data:xdcRomConstPtr: load addr=000099c8, load size=00000008 bytes, run addr=20000100, run size=00000004 bytes, compression=lzss
	.data:xdcRomExternFuncPtr: load addr=000099d0, load size=00000008 bytes, run addr=20000104, run size=00000004 bytes, compression=lzss
	.data:xdcRomStatePtr: load addr=000099d8, load size=00000008 bytes, run addr=20000108, run size=00000004 bytes, compression=lzss


LINKER GENERATED HANDLER TABLE

__TI_handler_table @ 000099b0 records: 3, size/record: 4, table size: 12
	index: 0, handler: __TI_decompress_lzss
	index: 1, handler: __TI_decompress_none
	index: 2, handler: __TI_zero_init


FAR CALL TRAMPOLINES

callee name               trampoline name
   callee addr  tramp addr   call addr  call info
--------------  -----------  ---------  ----------------
ti_sysbios_knl_Semaphore_construct  $Tramp$TT$L$PI$$ti_sysbios_knl_Semaphore_construct
   1002ddc1     000005d4     00000056   uartecho.obj (.text:cliThread)
                             0000880c   dpl_cc13x2.a : SemaphoreP_tirtos.oem4f (.text:SemaphoreP_constructBinary)
strlen                    $Tramp$TT$L$PI$$strlen
   1002fddb     000005dc     000002b8   uartecho.obj (.text:cliThread)
                             000003d0   uartecho.obj (.text:cliThread)
                             00007306   uartecho.obj (.text:convertStrUint)
                             00007cbc   ti_printf.obj (.text:bm_printf)
ti_sysbios_knl_Task_sleep__E  $Tramp$TT$L$PI$$ti_sysbios_knl_Task_sleep__E
   1002ce01     000005e4     00000508   uartecho.obj (.text:cliThread)
                             00008062   led.obj (.text:ledThread)
                             0000807e   led.obj (.text:ledThread)
xdc_runtime_System_doPrint__I  $Tramp$TT$L$PI$$xdc_runtime_System_doPrint__I
   1002ecf1     000015ec     000014ae   release_pem4f.oem4f (.text:xdc_runtime_System_printfExtend__I)
ti_sysbios_family_arm_m3_Hwi_restoreFxn__E  $Tramp$TT$L$PI$$ti_sysbios_family_arm_m3_Hwi_restoreFxn__E
   1002ec47     000018cc     0000177e   drivers_cc13x2.a : UARTCC26XX.oem4f (.text:UARTCC26XX_open)
                             0000178a                    : UARTCC26XX.oem4f (.text:UARTCC26XX_open)
                             00001814                    : UARTCC26XX.oem4f (.text:UARTCC26XX_open)
                             00001bcc                    : UARTCC26XX.oem4f (.text:UARTCC26XX_read)
                             00001c28                    : UARTCC26XX.oem4f (.text:UARTCC26XX_read)
                             00001c50                    : UARTCC26XX.oem4f (.text:UARTCC26XX_read)
                             00001c62                    : UARTCC26XX.oem4f (.text:UARTCC26XX_read)
                             00001cac                    : UARTCC26XX.oem4f (.text:UARTCC26XX_read)
                             00001cbc                    : UARTCC26XX.oem4f (.text:UARTCC26XX_read)
                             00001e7e                    : PINCC26XX.oem4f (.text:PINCC26XX_setIoCfg)
                             00001ec4                    : PINCC26XX.oem4f (.text:PINCC26XX_setIoCfg)
                             00006072                    : GPIOCC26XX.oem4f (.text:GPIO_setConfig)
                             000060a2                    : GPIOCC26XX.oem4f (.text:GPIO_setConfig)
                             0000631c                    : UARTCC26XX.oem4f (.text:UARTCC26XX_write)
                             0000633e                    : UARTCC26XX.oem4f (.text:UARTCC26XX_write)
                             00006394                    : UARTCC26XX.oem4f (.text:UARTCC26XX_write)
                             000064ba                    : GPIOCC26XX.oem4f (.text:GPIO_init)
                             000064c0                    : GPIOCC26XX.oem4f (.text:GPIO_init)
                             00006604                    : PowerCC26X2.oem4f (.text:Power_releaseDependency)
                             0000677e                    : PowerCC26X2.oem4f (.text:Power_setDependency)
                             00006b94                    : UARTCC26XX.oem4f (.text:writeTxFifoFlush)
                             00006cd2                    : UARTCC26XX.oem4f (.text:UARTCC26XX_writeCancel)
                             00006ce8                    : UARTCC26XX.oem4f (.text:UARTCC26XX_writeCancel)
                             00006d1c                    : UARTCC26XX.oem4f (.text:UARTCC26XX_writeCancel)
                             00007836                    : UARTCC26XX.oem4f (.text:UARTCC26XX_control)
                             0000790a                    : GPIOCC26XX.oem4f (.text:GPIO_write)
                             00007aae                    : PowerCC26X2_calibrateRCOSC.oem4f (.text:PowerCC26X2_initiateCalibration)
                             00007d9e                    : UARTCC26XX.oem4f (.text:UARTCC26XX_readCancel)
                             00007db2                    : UARTCC26XX.oem4f (.text:UARTCC26XX_readCancel)
                             00007e42                    : PINCC26XX.oem4f (.text:PIN_setOutputEnable)
                             00007ebe                    : PowerCC26X2.oem4f (.text:switchXOSCHF)
                             00007f44                    : RingBuf.oem4f (.text:RingBuf_put)
                             00007f6e                    : RingBuf.oem4f (.text:RingBuf_put)
                             00008032                    : UART.oem4f (.text:UART_init)
                             000081ba                    : RingBuf.oem4f (.text:RingBuf_get)
                             000081c2                    : RingBuf.oem4f (.text:RingBuf_get)
                             00008660                    : PowerCC26X2.oem4f (.text:Power_releaseConstraint)
                             00008690                    : PowerCC26X2.oem4f (.text:Power_setConstraint)
                             00008938                    : List.oem4f (.text:List_put)
                             0000895e                    : List.oem4f (.text:List_remove)
                             00008ab4                    : PowerCC26X2.oem4f (.text:Power_unregisterNotify)
                             00008afa                    : UARTCC26XX.oem4f (.text:threadSafeStdbyDisRelease)
                             00008b1a                    : UARTCC26XX.oem4f (.text:threadSafeStdbyDisSet)
ti_sysbios_knl_Swi_destruct  $Tramp$TT$L$PI$$ti_sysbios_knl_Swi_destruct
   1002e8bd     00008fc0     00008fa4   dpl_cc13x2.a : SwiP_tirtos.oem4f (.text:SwiP_destruct)
ti_sysbios_family_arm_m3_Hwi_disableFxn__E  $Tramp$TT$L$PI$$ti_sysbios_family_arm_m3_Hwi_disableFxn__E
   1002eb55     00008fc8     00008f98   dpl_cc13x2.a : HwiP_tirtos.oem4f (.text:HwiP_disable)
ti_sysbios_family_arm_m3_Hwi_destruct  $Tramp$TT$L$PI$$ti_sysbios_family_arm_m3_Hwi_destruct
   1002e475     00008fd0     00008f94   dpl_cc13x2.a : HwiP_tirtos.oem4f (.text:HwiP_destruct)
ti_sysbios_BIOS_getCpuFreq__E  $Tramp$TT$L$PI$$ti_sysbios_BIOS_getCpuFreq__E
   1002e9fd     00008fd8     00008f84   dpl_cc13x2.a : ClockP_tirtos.oem4f (.text:ClockP_getCpuFreq)
ti_sysbios_knl_Clock_destruct  $Tramp$TT$L$PI$$ti_sysbios_knl_Clock_destruct
   1002e649     00008fe0     00008f80   dpl_cc13x2.a : ClockP_tirtos.oem4f (.text:ClockP_destruct)
ti_sysbios_knl_Semaphore_delete  $Tramp$TT$L$PI$$ti_sysbios_knl_Semaphore_delete
   1002ecdb     00008fe8     00008eea   dpl_cc13x2.a : SemaphoreP_tirtos.oem4f (.text:SemaphoreP_delete)
ti_sysbios_knl_Clock_logTick__E  $Tramp$TT$L$PI$$ti_sysbios_knl_Clock_logTick__E
   1002dbd7     00008ff0     00008e1a   release_pem4f.oem4f (.text:ti_sysbios_knl_Clock_doTick__I)
ti_sysbios_knl_Task_Params__init__S  $Tramp$TT$L$PI$$ti_sysbios_knl_Task_Params__init__S
   1002ec09     00008ff8     00008dc2   main_tirtos.obj (.text:ti_sysbios_knl_Task_Params_init)
ti_sysbios_knl_Swi_post__E  $Tramp$TT$L$PI$$ti_sysbios_knl_Swi_post__E
   1002d891     00009000     00008d54   rom_sysbios.aem4f : rom_sysbios.obj (.text:ti_sysbios_knl_Swi_or__E)
                             00008e22   release_pem4f.oem4f (.text:ti_sysbios_knl_Clock_doTick__I)
ti_sysbios_BIOS_RtsGateProxy_leave__E  $Tramp$TT$L$PI$$ti_sysbios_BIOS_RtsGateProxy_leave__E
   1002ec7b     00009008     00008d36   release_pem4f.oem4f (.text:ti_sysbios_BIOS_rtsUnlock__I)
ti_sysbios_knl_Swi_construct  $Tramp$TT$L$PI$$ti_sysbios_knl_Swi_construct
   1002d719     00009010     00008c32   rom_sysbios.aem4f : rom_sysbios.obj (.text:ti_sysbios_knl_Swi_construct2__E)
ti_sysbios_knl_Swi_restore__E  $Tramp$TT$L$PI$$ti_sysbios_knl_Swi_restore__E
   1002db61     00009018     00008c16   dpl_cc13x2.a : PowerCC26X2_tirtos.oem4f (.text:PowerCC26XX_schedulerRestore)
ti_sysbios_BIOS_RtsGateProxy_enter__E  $Tramp$TT$L$PI$$ti_sysbios_BIOS_RtsGateProxy_enter__E
   1002ec77     00009020     00008b26   release_pem4f.oem4f (.text:ti_sysbios_BIOS_rtsLock__I)
ti_sysbios_knl_Task_restore__E  $Tramp$TT$L$PI$$ti_sysbios_knl_Task_restore__E
   1002df45     00009028     00008998   rom_sysbios.aem4f : rom_sysbios.obj (.text:_pthread_cleanupFxn)
                             00008c1e   dpl_cc13x2.a : PowerCC26X2_tirtos.oem4f (.text:PowerCC26XX_schedulerRestore)
ti_sysbios_knl_Clock_TimerProxy_getCurrentTick__E  $Tramp$TT$L$PI$$ti_sysbios_knl_Clock_TimerProxy_getCurrentTick__E
   1002eac5     00009030     00008882   rom_sysbios.aem4f : rom_sysbios.obj (.text:ti_sysbios_knl_Clock_getTicksUntilInterrupt__E)
xdc_runtime_Memory_free__E  $Tramp$TT$L$PI$$xdc_runtime_Memory_free__E
   1002f81d     00009038     00008864   rom_sysbios.aem4f : rom_sysbios.obj (.text:_pthread_delete$45)
ti_sysbios_knl_Task_delete  $Tramp$TT$L$PI$$ti_sysbios_knl_Task_delete
   1002ece7     00009040     00008858   rom_sysbios.aem4f : rom_sysbios.obj (.text:_pthread_delete$45)
ti_sysbios_knl_Semaphore_destruct  $Tramp$TT$L$PI$$ti_sysbios_knl_Semaphore_destruct
   1002e6fd     00009048     0000884c   rom_sysbios.aem4f : rom_sysbios.obj (.text:_pthread_delete$45)
                             00008f9c   dpl_cc13x2.a : SemaphoreP_tirtos.oem4f (.text:SemaphoreP_destruct)
ti_sysbios_knl_Semaphore_create  $Tramp$TT$L$PI$$ti_sysbios_knl_Semaphore_create
   1002dc49     00009050     00008838   dpl_cc13x2.a : SemaphoreP_tirtos.oem4f (.text:SemaphoreP_createBinary)
ti_sysbios_knl_Semaphore_Params__init__S  $Tramp$TT$L$PI$$ti_sysbios_knl_Semaphore_Params__init__S
   1002ebe5     00009058     000087fc   dpl_cc13x2.a : SemaphoreP_tirtos.oem4f (.text:SemaphoreP_constructBinary)
                             00008828                : SemaphoreP_tirtos.oem4f (.text:SemaphoreP_createBinary)
                             00008dac   uartecho.obj (.text:ti_sysbios_knl_Semaphore_Params_init)
ti_sysbios_knl_Semaphore_post__E  $Tramp$TT$L$PI$$ti_sysbios_knl_Semaphore_post__E
   1002cd21     00009060     0000877e   uartecho.obj (.text:uart_read_string)
                             000087ae   uartecho.obj (.text:uart_write_string)
                             00008fa0   dpl_cc13x2.a : SemaphoreP_tirtos.oem4f (.text:SemaphoreP_post)
ti_sysbios_knl_Semaphore_pend__E  $Tramp$TT$L$PI$$ti_sysbios_knl_Semaphore_pend__E
   1002bfb1     00009068     0000876a   uartecho.obj (.text:uart_read_string)
                             0000879a   uartecho.obj (.text:uart_write_string)
                             00008e40   dpl_cc13x2.a : SemaphoreP_tirtos.oem4f (.text:SemaphoreP_pend)
ti_sysbios_knl_Task_startup__E  $Tramp$TT$L$PI$$ti_sysbios_knl_Task_startup__E
   1002eceb     00009070     000086f0   release_pem4f.oem4f (.text:ti_sysbios_BIOS_startFunc__I)
ti_sysbios_knl_Swi_startup__E  $Tramp$TT$L$PI$$ti_sysbios_knl_Swi_startup__E
   1002ec6b     00009078     000086ec   release_pem4f.oem4f (.text:ti_sysbios_BIOS_startFunc__I)
ti_sysbios_hal_Hwi_startup__E  $Tramp$TT$L$PI$$ti_sysbios_hal_Hwi_startup__E
   1002ec31     00009080     000086e8   release_pem4f.oem4f (.text:ti_sysbios_BIOS_startFunc__I)
ti_sysbios_family_arm_cc26xx_Timer_startup__E  $Tramp$TT$L$PI$$ti_sysbios_family_arm_cc26xx_Timer_startup__E
   1002dcf1     00009088     000086e4   release_pem4f.oem4f (.text:ti_sysbios_BIOS_startFunc__I)
xdc_runtime_System_atexit__E  $Tramp$TT$L$PI$$xdc_runtime_System_atexit__E
   1002f559     00009090     000086dc   release_pem4f.oem4f (.text:ti_sysbios_BIOS_startFunc__I)
ti_sysbios_BIOS_linkedWithIncorrectBootLibrary__E  $Tramp$TT$L$PI$$ti_sysbios_BIOS_linkedWithIncorrectBootLibrary__E
   1002d01b     00009098     000086d6   release_pem4f.oem4f (.text:ti_sysbios_BIOS_startFunc__I)
xdc_runtime_Startup_rtsDone__E  $Tramp$TT$L$PI$$xdc_runtime_Startup_rtsDone__E
   1002f8e5     000090a0     000086ce   release_pem4f.oem4f (.text:ti_sysbios_BIOS_startFunc__I)
ti_sysbios_knl_Task_disable__E  $Tramp$TT$L$PI$$ti_sysbios_knl_Task_disable__E
   1002ea4d     000090a8     000086a2   release_pem4f.oem4f (.text:ti_sysbios_BIOS_atExitFunc__I)
                             0000898a   rom_sysbios.aem4f : rom_sysbios.obj (.text:_pthread_cleanupFxn)
                             00008bf6   dpl_cc13x2.a : PowerCC26X2_tirtos.oem4f (.text:PowerCC26XX_schedulerDisable)
ti_sysbios_knl_Swi_disable__E  $Tramp$TT$L$PI$$ti_sysbios_knl_Swi_disable__E
   1002ea25     000090b0     0000869e   release_pem4f.oem4f (.text:ti_sysbios_BIOS_atExitFunc__I)
                             00008bfe   dpl_cc13x2.a : PowerCC26X2_tirtos.oem4f (.text:PowerCC26XX_schedulerDisable)
ti_sysbios_family_arm_m3_Hwi_construct  $Tramp$TT$L$PI$$ti_sysbios_family_arm_m3_Hwi_construct
   1002d421     000090b8     000083a2   rom_sysbios.aem4f : rom_sysbios.obj (.text:ti_sysbios_family_arm_m3_Hwi_construct2__E)
ti_sysbios_family_arm_m3_Hwi_Params__init__S  $Tramp$TT$L$PI$$ti_sysbios_family_arm_m3_Hwi_Params__init__S
   1002eb49     000090c0     00008328   dpl_cc13x2.a : HwiP_tirtos.oem4f (.text:HwiP_construct)
ti_sysbios_knl_Clock_construct  $Tramp$TT$L$PI$$ti_sysbios_knl_Clock_construct
   1002dd8d     000090c8     00008142   dpl_cc13x2.a : ClockP_tirtos.oem4f (.text:ClockP_construct)
ti_sysbios_knl_Clock_Params__init__S  $Tramp$TT$L$PI$$ti_sysbios_knl_Clock_Params__init__S
   1002eb9d     000090d0     00008128   dpl_cc13x2.a : ClockP_tirtos.oem4f (.text:ClockP_construct)
ti_sysbios_knl_Swi_Params__init__S  $Tramp$TT$L$PI$$ti_sysbios_knl_Swi_Params__init__S
   1002ebf1     000090d8     00007c66   dpl_cc13x2.a : SwiP_tirtos.oem4f (.text:SwiP_construct)
ti_sysbios_heaps_HeapMem_Module_GateProxy_leave__E  $Tramp$TT$L$PI$$ti_sysbios_heaps_HeapMem_Module_GateProxy_leave__E
   1002ecaf     000090e0     00007bb6   rom_sysbios.aem4f : rom_sysbios.obj (.text:ti_sysbios_heaps_HeapMem_alloc__E)
ti_sysbios_heaps_HeapMem_Module_GateProxy_enter__E  $Tramp$TT$L$PI$$ti_sysbios_heaps_HeapMem_Module_GateProxy_enter__E
   1002ecab     000090e8     00007ba0   rom_sysbios.aem4f : rom_sysbios.obj (.text:ti_sysbios_heaps_HeapMem_alloc__E)
xdc_runtime_System_exit__E  $Tramp$TT$L$PI$$xdc_runtime_System_exit__E
   1002f7b1     000090f0     00007b20   boot.aem4f : boot.oem4f (.text)
                             00008d96   release_pem4f.oem4f (.text:ti_sysbios_BIOS_exitFunc__I)
ti_sysbios_heaps_HeapMem_restore__E  $Tramp$TT$L$PI$$ti_sysbios_heaps_HeapMem_restore__E
   1002eb13     000090f8     00007a14   rom_sysbios.aem4f : rom_sysbios.obj (.text:ti_sysbios_heaps_HeapMem_initPrimary__I)
ti_sysbios_heaps_HeapMem_Object__get__S  $Tramp$TT$L$PI$$ti_sysbios_heaps_HeapMem_Object__get__S
   1002e275     00009100     000079e4   rom_sysbios.aem4f : rom_sysbios.obj (.text:ti_sysbios_heaps_HeapMem_initPrimary__I)
ti_sysbios_BIOS_start__E  $Tramp$TT$L$PI$$ti_sysbios_BIOS_start__E
   1002eaa5     00009108     00007704   main_tirtos.obj (.text:main)
ti_sysbios_knl_Task_construct  $Tramp$TT$L$PI$$ti_sysbios_knl_Task_construct
   1002d5d9     00009110     000076f4   main_tirtos.obj (.text:main)
                             00007700   main_tirtos.obj (.text:main)
xdc_runtime_Error_raiseX__E  $Tramp$TT$L$PI$$xdc_runtime_Error_raiseX__E
   1002f739     00009118     000071d6   rom_sysbios.aem4f : rom_sysbios.obj (.text:ti_sysbios_family_arm_m3_Hwi_excHandlerMin__I)
                             00007bd0                     : rom_sysbios.obj (.text:ti_sysbios_heaps_HeapMem_alloc__E)
ti_sysbios_BIOS_setThreadType__E  $Tramp$TT$L$PI$$ti_sysbios_BIOS_setThreadType__E
   1002ea11     00009120     00007196   rom_sysbios.aem4f : rom_sysbios.obj (.text:ti_sysbios_family_arm_m3_Hwi_excHandlerMin__I)
                             000086a8   release_pem4f.oem4f (.text:ti_sysbios_BIOS_atExitFunc__I)
                             00008d90   release_pem4f.oem4f (.text:ti_sysbios_BIOS_exitFunc__I)
ti_sysbios_family_arm_m3_Hwi_excFillContext__I  $Tramp$TT$L$PI$$ti_sysbios_family_arm_m3_Hwi_excFillContext__I
   1002bda9     00009128     00007190   rom_sysbios.aem4f : rom_sysbios.obj (.text:ti_sysbios_family_arm_m3_Hwi_excHandlerMin__I)
ti_sysbios_knl_Clock_stop__E  $Tramp$TT$L$PI$$ti_sysbios_knl_Clock_stop__E
   1002e2c5     00009130     0000643e   dpl_cc13x2.a : PowerCC26X2_tirtos.oem4f (.text:PowerCC26XX_standbyPolicy)
                             00008f90                : ClockP_tirtos.oem4f (.text:ClockP_stop)
ti_sysbios_knl_Clock_start__E  $Tramp$TT$L$PI$$ti_sysbios_knl_Clock_start__E
   1002e9e7     00009138     0000642a   dpl_cc13x2.a : PowerCC26X2_tirtos.oem4f (.text:PowerCC26XX_standbyPolicy)
                             00008f8c                : ClockP_tirtos.oem4f (.text:ClockP_start)
ti_sysbios_knl_Clock_setTimeout__E  $Tramp$TT$L$PI$$ti_sysbios_knl_Clock_setTimeout__E
   1002ecc3     00009140     00006424   dpl_cc13x2.a : PowerCC26X2_tirtos.oem4f (.text:PowerCC26XX_standbyPolicy)
                             00008f88                : ClockP_tirtos.oem4f (.text:ClockP_setTimeout)

[54 trampolines]
[122 trampoline calls]


GLOBAL SYMBOLS: SORTED ALPHABETICALLY BY Name 

address   name                                                               
-------   ----                                                               
00009764  BoardGpioInitTable                                                 
00008a61  Board_init                                                         
00000faf  Board_initHook                                                     
0000706d  Board_sendExtFlashByte                                             
000080cd  Board_shutDownExtFlash                                             
00007ce1  Board_wakeUpExtFlash                                               
0000980c  CONFIG_GPIO_LED_0_CONST                                            
0000980d  CONFIG_NVS0_CONST                                                  
0000980e  CONFIG_NVS_RAM_CONST                                               
00009810  CONFIG_UART_0_CONST                                                
00008f2d  ClockP_Params_init                                                 
0000810d  ClockP_construct                                                   
00008f81  ClockP_destruct                                                    
00008f85  ClockP_getCpuFreq                                                  
00008e9d  ClockP_getSystemTickPeriod                                         
1002dc11  ClockP_getSystemTicks                                              
00008f89  ClockP_setTimeout                                                  
00008f8d  ClockP_start                                                       
00008f91  ClockP_stop                                                        
00009714  GPIOCC26XX_config                                                  
000085ad  GPIO_hwiIntFxn                                                     
000064a1  GPIO_init                                                          
000085dd  GPIO_setCallback                                                   
00006001  GPIO_setConfig                                                     
000078b9  GPIO_write                                                         
00004000  HEAPSIZE                                                           
00008e51  HwiP_Params_init                                                   
0000830d  HwiP_construct                                                     
00008f95  HwiP_destruct                                                      
00008f99  HwiP_disable                                                       
1002ec47  HwiP_restore                                                       
UNDEFED   ITM_flush                                                          
UNDEFED   ITM_restore                                                        
00008919  List_put                                                           
0000893f  List_remove                                                        
000084dd  NOROM_AUXSYSIFOpModeChange                                         
00008ea9  NOROM_CPUcpsid                                                     
00008eb5  NOROM_CPUcpsie                                                     
00008f65  NOROM_CPUdelay                                                     
00008bbd  NOROM_ChipInfo_GetChipFamily                                       
000071f9  NOROM_ChipInfo_GetChipType                                         
00007f79  NOROM_ChipInfo_GetHwRevision                                       
00008c81  NOROM_ChipInfo_GetPackageType                                      
00006d41  NOROM_OSCHF_AttemptToSwitchToXosc                                  
00007721  NOROM_OSCHF_SwitchToRcOscTurnOffXosc                               
00008965  NOROM_OSCHF_TurnOnXosc                                             
0000814d  NOROM_OSC_HPOSCRelativeFrequencyOffsetGet                          
00007be9  NOROM_PRCMPowerDomainsAllOff                                       
00007d2d  NOROM_PRCMPowerDomainsAllOn                                        
00006ae9  NOROM_SetupTrimDevice                                              
00008511  NOROM_SysCtrlIdle                                                  
00007279  NOROM_SysCtrlSetRechargeBeforePowerDown                            
00006209  NOROM_SysCtrlStandby                                               
00008d71  NOROM_ThisLibraryIsFor_CC13x2_CC26x2_HwRev20AndLater_HaltIfViolated
0000980f  NVS_count                                                          
00008dc9  PINCC26XX_getPinCount                                              
000097d4  PINCC26XX_hwAttrs                                                  
0000860d  PINCC26XX_setMux                                                   
000075d5  PIN_add                                                            
00008b81  PIN_close                                                          
00000c05  PIN_init                                                           
00006855  PIN_open                                                           
00008ec1  PIN_registerIntCb                                                  
00007919  PIN_remove                                                         
000083c5  PIN_setConfig                                                      
00007e11  PIN_setOutputEnable                                                
0000834d  PIN_setOutputValue                                                 
00007e59  PowerCC26X2_RCOSC_clockFunc                                        
00007561  PowerCC26X2_auxISR                                                 
00008ddd  PowerCC26X2_calibrate                                              
00009728  PowerCC26X2_config                                                 
00007a89  PowerCC26X2_initiateCalibration                                    
20004f98  PowerCC26X2_module                                                 
00008c65  PowerCC26XX_calibrate                                              
00008bf5  PowerCC26XX_schedulerDisable                                       
00008c11  PowerCC26XX_schedulerRestore                                       
000063d9  PowerCC26XX_standbyPolicy                                          
20004f84  PowerCC26XX_swiKey                                                 
20004f88  PowerCC26XX_taskKey                                                
00008ecd  Power_getConstraintMask                                            
00008ed9  Power_getDependencyCount                                           
00008b9f  Power_getTransitionLatency                                         
00008c99  Power_idleFunc                                                     
000015f5  Power_init                                                         
000088c9  Power_registerNotify                                               
0000863d  Power_releaseConstraint                                            
00006565  Power_releaseDependency                                            
0000866d  Power_setConstraint                                                
000066e5  Power_setDependency                                                
00000fb1  Power_sleep                                                        
00008aa1  Power_unregisterNotify                                             
00009148  ROM_constStruct                                                    
000095ec  ROM_externFuncPtrs                                                 
20005108  ROM_stateStruct                                                    
00007ae1  ResetISR                                                           
00008e2d  RingBuf_construct                                                  
0000818d  RingBuf_get                                                        
00007f31  RingBuf_put                                                        
UNDEFED   SHT$$INIT_ARRAY$$Base                                              
UNDEFED   SHT$$INIT_ARRAY$$Limit                                             
000087eb  SemaphoreP_constructBinary                                         
00008819  SemaphoreP_createBinary                                            
00008ee5  SemaphoreP_delete                                                  
00008f9d  SemaphoreP_destruct                                                
00008e3f  SemaphoreP_pend                                                    
00008fa1  SemaphoreP_post                                                    
00008e61  SwiP_Params_init                                                   
00007c3d  SwiP_construct                                                     
00008fa5  SwiP_destruct                                                      
00008fa9  SwiP_getTrigger                                                    
00008fad  SwiP_or                                                            
1002db61  SwiP_restore                                                       
000070f1  UARTCC26XX_close                                                   
000077f1  UARTCC26XX_control                                                 
00009634  UARTCC26XX_fxnTable                                                
00001a39  UARTCC26XX_hwiIntFxn                                               
00001ff9  UARTCC26XX_init                                                    
00001769  UARTCC26XX_open                                                    
00001b8d  UARTCC26XX_read                                                    
00007d79  UARTCC26XX_readCancel                                              
00008f6b  UARTCC26XX_readPolling                                             
00007855  UARTCC26XX_swiIntFxn                                               
000062f9  UARTCC26XX_write                                                   
00006caf  UARTCC26XX_writeCancel                                             
00008f71  UARTCC26XX_writePolling                                            
00008cb1  UART_Params_init                                                   
[...]
1002eb2f  ti_sysbios_knl_Queue_remove__E                                     
1002eb3d  ti_sysbios_family_arm_cc26xx_TimestampProvider_getFreq__E          
1002eb3d  xdc_runtime_Timestamp_SupportProxy_getFreq__E                      
1002eb3d  xdc_runtime_Timestamp_SupportProxy_getFreq__E                      
1002eb3d  xdc_runtime_Timestamp_getFreq__E                                   
1002eb3d  xdc_runtime_Timestamp_getFreq__E                                   
1002eb49  ti_sysbios_family_arm_m3_Hwi_Params__init__S                       
1002eb49  ti_sysbios_hal_Hwi_HwiProxy_Params__init__S                        
1002eb55  ti_sysbios_family_arm_m3_Hwi_disableFxn__E                         
1002eb61  ti_sysbios_family_arm_m3_Hwi_enableFxn__E                          
1002eb6d  ti_sysbios_gates_GateHwi_enter__E                                  
1002eb79  ti_sysbios_BIOS_RtsGateProxy_Params__init__S                       
1002eb79  ti_sysbios_gates_GateMutex_Params__init__S                         
1002eb79  ti_sysbios_heaps_HeapMem_Module_GateProxy_Params__init__S          
1002eb85  ti_sysbios_heaps_HeapTrack_Params__init__S                         
1002eb91  ti_sysbios_heaps_HeapTrack_isBlocking__E                           
1002eb9d  ti_sysbios_knl_Clock_Params__init__S                               
1002eba9  ti_sysbios_knl_Clock_getTimerHandle__E                             
1002ebb5  ti_sysbios_knl_Event_Params__init__S                               
1002ebc1  ti_sysbios_knl_Mailbox_Params__init__S                             
1002ebcd  ti_sysbios_knl_Queue_dequeue__E                                    
1002ebd9  ti_sysbios_knl_Queue_enqueue__E                                    
1002ebe5  ti_sysbios_knl_Semaphore_Params__init__S                           
1002ebf1  ti_sysbios_knl_Swi_Params__init__S                                 
1002ebfd  ti_sysbios_knl_Swi_self__E                                         
1002ec09  ti_sysbios_knl_Task_Params__init__S                                
1002ec15  ti_sysbios_hal_Hwi_Instance_finalize__E                            
1002ec1f  ti_sysbios_knl_Event_Instance_init__E                              
1002ec29  ti_sysbios_family_arm_m3_Hwi_doSwiRestore__I                       
1002ec31  ti_sysbios_family_arm_m3_Hwi_startup__E                            
1002ec31  ti_sysbios_hal_Hwi_HwiProxy_startup__E                             
1002ec31  ti_sysbios_hal_Hwi_HwiProxy_startup__E                             
1002ec31  ti_sysbios_hal_Hwi_startup__E                                      
1002ec31  ti_sysbios_hal_Hwi_startup__E                                      
1002ec39  ti_sysbios_knl_Idle_loop__E                                        
1002ec41  ti_sysbios_family_arm_m3_Hwi_doTaskRestore__I                      
1002ec47  HwiP_restore                                                       
1002ec47  ti_sysbios_family_arm_m3_Hwi_restoreFxn__E                         
1002ec4d  ti_sysbios_gates_GateHwi_leave__E                                  
1002ec53  ti_sysbios_gates_GateMutex_Instance_finalize__E                    
1002ec59  ti_sysbios_heaps_HeapMem_isBlocking__E                             
1002ec5f  ti_sysbios_knl_Queue_Instance_init__E                              
1002ec65  ti_sysbios_knl_Queue_elemClear__E                                  
1002ec6b  ti_sysbios_knl_Swi_startup__E                                      
1002ec71  ti_sysbios_knl_Task_enable__E                                      
1002ec77  ti_sysbios_BIOS_RtsGateProxy_enter__E                              
1002ec7b  ti_sysbios_BIOS_RtsGateProxy_leave__E                              
1002ec7f  ti_sysbios_family_arm_cc26xx_Timer_getExpiredTicks__E              
1002ec83  ti_sysbios_family_arm_cc26xx_Timer_getPeriod__E                    
1002ec87  ti_sysbios_family_arm_cc26xx_Timer_setPeriod__E                    
1002ec8b  ti_sysbios_family_arm_m3_Hwi_delete                                
1002ec8f  ti_sysbios_family_arm_m3_TaskSupport_Module__startupDone__S        
1002ec8f  ti_sysbios_knl_Task_SupportProxy_Module__startupDone__S            
1002ec93  ti_sysbios_gates_GateHwi_query__E                                  
1002ec93  xdc_runtime_Main_Module_GateProxy_query__E                         
1002ec93  xdc_runtime_System_Module_GateProxy_query__E                       
1002ec93  xdc_runtime_System_Module_GateProxy_query__E                       
1002ec97  ti_sysbios_gates_GateMutex_delete                                  
1002ec9b  ti_sysbios_BIOS_RtsGateProxy_query__E                              
1002ec9b  ti_sysbios_BIOS_RtsGateProxy_query__E                              
1002ec9b  ti_sysbios_gates_GateMutex_query__E                                
1002ec9b  ti_sysbios_heaps_HeapMem_Module_GateProxy_query__E                 
1002ec9b  ti_sysbios_heaps_HeapMem_Module_GateProxy_query__E                 
1002ec9f  ti_sysbios_hal_Hwi_HwiProxy_create                                 
1002eca3  ti_sysbios_hal_Hwi_HwiProxy_delete                                 
1002eca7  ti_sysbios_hal_Hwi_delete                                          
1002ecab  ti_sysbios_heaps_HeapMem_Module_GateProxy_enter__E                 
1002ecaf  ti_sysbios_heaps_HeapMem_Module_GateProxy_leave__E                 
1002ecb3  ti_sysbios_knl_Clock_TimerProxy_getExpiredTicks__E                 
1002ecb7  ti_sysbios_knl_Clock_TimerProxy_getPeriod__E                       
1002ecbb  ti_sysbios_knl_Clock_delete                                        
1002ecbf  ti_sysbios_knl_Clock_removeI__E                                    
1002ecc3  ti_sysbios_knl_Clock_setTimeout__E                                 
1002ecc7  ti_sysbios_knl_Event_delete                                        
1002eccb  ti_sysbios_knl_Mailbox_delete                                      
1002eccf  ti_sysbios_knl_Queue_delete                                        
1002ecd3  ti_sysbios_knl_Queue_head__E                                       
1002ecd7  ti_sysbios_knl_Queue_next__E                                       
1002ecdb  ti_sysbios_knl_Semaphore_delete                                    
1002ecdf  ti_sysbios_knl_Swi_delete                                          
1002ece3  ti_sysbios_knl_Swi_postInit__I                                     
1002ece7  ti_sysbios_knl_Task_delete                                         
1002eceb  ti_sysbios_knl_Task_startup__E                                     
1002ecf1  xdc_runtime_System_doPrint__I                                      
1002f055  xdc_runtime_Startup_startMods__I                                   
1002f15d  xdc_runtime_Text_putSite__E                                        
1002f1f7  xdc_runtime_Error_policySpin__E                                    
1002f1f9  xdc_runtime_Text_putMod__E                                         
1002f289  xdc_runtime_Memory_alloc__E                                        
1002f2f9  xdc_runtime_Core_createObject__I                                   
1002f367  xdc_runtime_Core_deleteObject__I                                   
1002f3c5  xdc_runtime_Text_putLab__E                                         
1002f421  xdc_runtime_Assert_raise__I                                        
1002f475  xdc_runtime_Startup_exec__E                                        
1002f4c9  xdc_runtime_Core_assignParams__I                                   
1002f511  xdc_runtime_Core_constructObject__I                                
1002f559  xdc_runtime_System_atexit__E                                       
1002f5a1  xdc_runtime_Text_xprintf__I                                        
1002f5e5  xdc_runtime_System_processAtExit__E                                
1002f625  xdc_runtime_System_putchar__I                                      
1002f659  xdc_runtime_Core_assignLabel__I                                    
1002f689  xdc_runtime_Text_printVisFxn__I                                    
1002f6b9  xdc_runtime_System_vprintf__E                                      
1002f6e5  xdc_runtime_Text_cordText__E                                       
1002f711  xdc_runtime_System_abort__E                                        
1002f739  xdc_runtime_Error_raiseX__E                                        
1002f759  xdc_runtime_Registry_findById__E                                   
1002f779  xdc_runtime_Error_check__E                                         
1002f795  xdc_runtime_Memory_valloc__E                                       
1002f7b1  xdc_runtime_System_exit__E                                         
1002f7cd  xdc_runtime_Text_ropeText__E                                       
1002f7e9  xdc_runtime_System_printf__E                                       
1002f803  xdc_runtime_Core_destructObject__I                                 
1002f81b  xdc_runtime_System_abortSpin__E                                    
1002f81d  xdc_runtime_Memory_free__E                                         
1002f831  xdc_runtime_Memory_getStats__E                                     
1002f845  xdc_runtime_SysCallback_abort__E                                   
1002f845  xdc_runtime_System_SupportProxy_abort__E                           
1002f859  xdc_runtime_SysCallback_exit__E                                    
1002f859  xdc_runtime_System_SupportProxy_exit__E                            
1002f86d  xdc_runtime_SysCallback_flush__E                                   
1002f86d  xdc_runtime_System_SupportProxy_flush__E                           
1002f86d  xdc_runtime_System_flush__E                                        
1002f881  xdc_runtime_SysCallback_putch__E                                   
1002f881  xdc_runtime_System_SupportProxy_putch__E                           
1002f895  xdc_runtime_SysCallback_ready__E                                   
1002f895  xdc_runtime_System_SupportProxy_ready__E                           
1002f8a9  xdc_runtime_Memory_getMaxDefaultTypeAlign__E                       
1002f8b9  xdc_runtime_System_vsnprintf__E                                    
1002f8c9  xdc_runtime_Timestamp_SupportProxy_get32__E                        
1002f8c9  xdc_runtime_Timestamp_SupportProxy_get32__E                        
1002f8c9  xdc_runtime_Timestamp_get32__E                                     
1002f8c9  xdc_runtime_Timestamp_get32__E                                     
1002f8d9  xdc_runtime_Memory_calloc__E                                       
1002f8e5  xdc_runtime_Startup_rtsDone__E                                     
1002f8f1  xdc_runtime_Memory_HeapProxy_alloc__E                              
1002f8fb  xdc_runtime_Memory_HeapProxy_free__E                               
1002f905  xdc_runtime_Memory_HeapProxy_getStats__E                           
1002f90f  xdc_runtime_Gate_leaveSystem__E                                    
1002f915  xdc_runtime_System_Module_startup__E                               
1002f91b  xdc_runtime_Gate_enterSystem__E                                    
1002f91f  xdc_runtime_SysCallback_Module__startupDone__S                     
1002f91f  xdc_runtime_System_SupportProxy_Module__startupDone__S             
1002f923  xdc_runtime_System_Module_GateProxy_enter__E                       
1002f927  xdc_runtime_System_Module_GateProxy_leave__E                       
1002f92b  xdc_runtime_System_printf_va__F                                    
1002f92f  xdc_runtime_System_exitSpin__E                                     
1002f931  ti_sysbios_family_arm_m3_Hwi_dispatch__I                           
1002fa11  ti_sysbios_family_arm_m3_Hwi_interruptsAreDisabledButShouldNotBe   
1002fa2d  ti_sysbios_family_arm_m3_TaskSupport_buildTaskStack                
1002fab9  ti_sysbios_family_arm_m3_Hwi_initStacks__E                         
1002fb11  ti_sysbios_family_arm_m3_Hwi_pendSV__I                             
1002fb35  ti_sysbios_family_arm_m3_Hwi_return                                
1002fb39  ti_sysbios_family_arm_m3_Hwi_excHandlerAsm__I                      
1002fb59  ti_sysbios_family_xxx_Hwi_switchAndRunFunc                         
1002fb77  ti_sysbios_family_arm_m3_TaskSupport_swap__E                       
1002fb77  ti_sysbios_knl_Task_SupportProxy_swap__E                           
1002fb77  ti_sysbios_knl_Task_SupportProxy_swap__E                           
1002fb83  ti_sysbios_knl_Task_swapReturn                                     
1002fb8f  ti_sysbios_family_arm_m3_TaskSupport_glue                          
1002fba0  ti_sysbios_knl_Task_Object__PARAMS__C                              
1002fbdc  ti_sysbios_knl_Mailbox_Object__PARAMS__C                           
1002fc10  ti_sysbios_family_arm_m3_Hwi_Object__PARAMS__C                     
1002fc40  ti_sysbios_hal_Hwi_Object__PARAMS__C                               
1002fc6c  ti_sysbios_knl_Swi_Object__PARAMS__C                               
1002fc94  ti_sysbios_heaps_HeapMem_Object__PARAMS__C                         
1002fcb8  ti_sysbios_knl_Clock_Object__PARAMS__C                             
1002fcdc  ti_sysbios_knl_Semaphore_Object__PARAMS__C                         
1002fd00  ti_sysbios_gates_GateHwi_Object__PARAMS__C                         
1002fd18  ti_sysbios_gates_GateMutex_Object__PARAMS__C                       
1002fd30  ti_sysbios_knl_Event_Object__PARAMS__C                             
1002fd48  ti_sysbios_knl_Queue_Object__PARAMS__C                             
1002fd80  ti_sysbios_heaps_HeapTrack_Object__PARAMS__C                       
1002fd9c  ti_sysbios_heaps_HeapTrack_Instance_State_trackQueue__O            
1002fda0  ti_sysbios_heaps_HeapTrack_Module__diagsEnabled__C                 
1002fda4  ti_sysbios_heaps_HeapTrack_Module__diagsIncluded__C                
1002fda8  ti_sysbios_heaps_HeapTrack_Module__diagsMask__C                    
1002fddb  strlen                                                             
20000000  __start___llvm_prf_cnts                                            
20000000  __stop___llvm_prf_cnts                                             
20000000  ti_sysbios_family_arm_m3_Hwi_ramVectors                            
20000100  xdcRomConstPtr                                                     
20000104  xdcRomExternFuncPtr                                                
20000108  xdcRomStatePtr                                                     
20000110  __primary_heap_start__                                             
20004110  __primary_heap_end__                                               
20004910  ti_sysbios_knl_Task_Instance_State_0_stack__A                      
20004b10  uartCC26XXObjects                                                  
20004ccc  ti_sysbios_family_arm_m3_Hwi_dispatchTable                         
20004da4  pinHandleTable                                                     
20004eac  semParams                                                          
20004f84  PowerCC26XX_swiKey                                                 
20004f88  PowerCC26XX_taskKey                                                
20004f8c  uart                                                               
20004f90  driverlib_release_0_60278                                          
20004f98  PowerCC26X2_module                                                 
20005108  ROM_stateStruct                                                    
20005108  ti_sysbios_knl_Clock_Module__state__V                              
20005134  ti_sysbios_family_arm_cc26xx_TimestampProvider_Module__state__V    
20005138  xdc_runtime_Startup_Module__state__V                               
20005140  xdc_runtime_Registry_Module__state__V                              
20005148  ti_sysbios_BIOS_Module__state__V                                   
2000516c  ti_sysbios_knl_Swi_Module__state__V                                
20005188  ti_sysbios_knl_Task_Module__state__V                               
200051cc  xdc_runtime_Memory_Module__state__V                                
200051d0  xdc_runtime_System_Module__state__V                                
200051d8  ti_sysbios_family_arm_m3_Hwi_Module__state__V                      
2000520c  ti_sysbios_family_arm_cc26xx_Timer_Module__state__V                
200052c8  ti_sysbios_knl_Task_Object__table__V                               
20005314  gpioCallbackFunctions                                              
20005318  ti_sysbios_family_arm_cc26xx_Timer_Object__table__V                
20005360  ti_sysbios_gates_GateMutex_Object__table__V                        
20005398  ti_sysbios_knl_Swi_Module_State_0_readyQ__A                        
200053c8  ti_sysbios_knl_Swi_Object__table__V                                
200053f8  ti_sysbios_knl_Task_Module_State_0_readyQ__A                       
20005428  _hposcCoeffs                                                       
2000544c  ti_sysbios_knl_Clock_Object__table__V                              
2000546c  xdc_runtime_Error_IgnoreBlock                                      
2000548c  ti_sysbios_family_arm_m3_Hwi_Object__table__V                      
200054a4  ti_sysbios_heaps_HeapMem_Object__table__V                          
200054bc  _lock                                                              
200054c0  _unlock                                                            
200054c4  pinUpperBound                                                      
200054c8  pinLowerBound                                                      
200054d4  ti_sysbios_family_arm_m3_Hwi_Module__root__V                       
200054dc  ti_sysbios_gates_GateHwi_Module__root__V                           
200054e4  ti_sysbios_gates_GateMutex_Module__root__V                         
200054ec  ti_sysbios_hal_Hwi_Module__root__V                                 
200054f4  ti_sysbios_heaps_HeapMem_Module__root__V                           
200054fc  ti_sysbios_knl_Clock_Module__root__V                               
20005504  ti_sysbios_knl_Event_Module__root__V                               
2000550c  ti_sysbios_knl_Mailbox_Module__root__V                             
20005514  ti_sysbios_knl_Queue_Module__root__V                               
2000551c  ti_sysbios_knl_Semaphore_Module__root__V                           
20005524  ti_sysbios_knl_Swi_Module__root__V                                 
2000552c  ti_sysbios_knl_Task_Module__root__V                                
20005534  xdc_runtime_System_Module_State_0_atexitHandlers__A                
20005542  ti_sysbios_family_arm_m3_Hwi_Module_State_0_excActive__A           
20005544  gpioPinConfigs                                                     
2000554c  main_func_sp                                                       
20005554  ti_sysbios_family_arm_m3_Hwi_Module_State_0_excContext__A          
20005558  ti_sysbios_family_arm_m3_Hwi_Module_State_0_excStack__A            
2000555c  ti_sysbios_knl_Task_Module_State_0_idleTask__A                     
20013c00  __stack                                                            
20014000  __STACK_END                                                        
e000e000  ti_sysbios_family_arm_m3_Hwi_nvic                                  
ffffffff  __TI_pprof_out_hndl                                                
ffffffff  __TI_prof_data_size                                                
ffffffff  __TI_prof_data_start                                               
ffffffff  __binit__                                                          
ffffffff  __c_args__                                                         
ffffffff  binit                                                              
UNDEFED   ITM_flush                                                          
UNDEFED   ITM_restore                                                        
UNDEFED   SHT$$INIT_ARRAY$$Base                                              
UNDEFED   SHT$$INIT_ARRAY$$Limit                                             

[846 symbols]
