******************************************************************************
                  TI ARM Linker PC v20.2.5                     
******************************************************************************
>> Linked Wed Oct 27 15:16:47 2021

OUTPUT FILE NAME:   <uartecho_CC1352P_4_LAUNCHXL_tirtos_ccs.out>
ENTRY POINT SYMBOL: "ResetISR"  address: 00007369


MEMORY CONFIGURATION

         name            origin    length      used     unused   attr    fill
----------------------  --------  ---------  --------  --------  ----  --------
  FLASH                 00000000   00058000  000091b8  0004ee48  R  X
  GPRAM                 11000000   00002000  00000000  00002000  RW X
  SRAM                  20000000   00014000  00005ce9  0000e317  RW X
  LOG_DATA              90000000   00040000  00000000  00040000  R   


SEGMENT ALLOCATION MAP

run origin  load origin   length   init length attrs members
----------  ----------- ---------- ----------- ----- -------
00000000    00000000    00002000   00002000    r-x
  00000000    00000000    0000003c   0000003c    r-- .resetVecs
  0000003c    0000003c    00001fc4   00001fc4    r-x .text.1
00002000    00002000    00004000   00000000    rw-
  00002000    00002000    00004000   00000000    rw- .TI.bound:flashBuf0
00006000    00006000    00003160   00003160    r-x
  00006000    00006000    000028f8   000028f8    r-x .text.2
  000088f8    000088f8    00000690   00000690    r-- .const
  00008f88    00008f88    000001d8   000001d8    r-- .cinit
00057fa8    00057fa8    00000058   00000058    r--
  00057fa8    00057fa8    00000058   00000058    r-- .ccfg
20000100    20000100    0000000c   00000000    rw-
  20000100    20000100    00000004   00000000    rw- .data:xdcRomConstPtr
  20000104    20000104    00000004   00000000    rw- .data:xdcRomExternFuncPtr
  20000108    20000108    00000004   00000000    rw- .data:xdcRomStatePtr
20000110    20000110    00004000   00000000    r--
  20000110    20000110    00004000   00000000    r-- .priheap
20004110    20004110    0000180c   00000000    rw-
  20004110    20004110    00000e41   00000000    rw- .bss
  20004f58    20004f58    000009c4   00000000    rw- .data
20013c00    20013c00    00000400   00000000    rw-
  20013c00    20013c00    00000400   00000000    rw- .stack


SECTION ALLOCATION MAP

 output                                  attributes/
section   page    origin      length       input sections
--------  ----  ----------  ----------   ----------------
.binit     0    00000000    00000000     

.cinit     0    00008f88    000001d8     
                  00008f88    0000017e     (.cinit..data.load) [load image, compression = lzss]
                  00009106    00000002     --HOLE-- [fill = 0]
                  00009108    0000000c     (__TI_handler_table)
                  00009114    00000004     --HOLE-- [fill = 0]
                  00009118    00000008     (.cinit..bss.load) [load image, compression = zero_init]
                  00009120    00000008     (.cinit..data:xdcRomConstPtr.load) [load image, compression = lzss]
                  00009128    00000008     (.cinit..data:xdcRomExternFuncPtr.load) [load image, compression = lzss]
                  00009130    00000008     (.cinit..data:xdcRomStatePtr.load) [load image, compression = lzss]
                  00009138    00000028     (__TI_cinit_table)

.init_array 
*          0    00000000    00000000     UNINITIALIZED

.ccfg      0    00057fa8    00000058     
                  00057fa8    00000058     ti_devices_config.obj (.ccfg:retain)

.bss       0    20004110    00000e41     UNINITIALIZED
                  20004110    00000400     main_tirtos.obj (.bss:clithreadStack)
                  20004510    00000400     main_tirtos.obj (.bss:ledthreadStack)
                  20004910    00000200     release_pem4f.oem4f (.bss:taskStackSection)
                  20004b10    000001bc     (.common:uartCC26XXObjects)
                  20004ccc    000000d8     (.common:ti_sysbios_family_arm_m3_Hwi_dispatchTable)
                  20004da4    0000007c     (.common:pinHandleTable)
                  20004e20    00000050     drivers_cc13x2.a : PINCC26XX.oem4f (.bss:pinSemaphore)
                  20004e70    0000003c                      : PINCC26XX.oem4f (.bss:pinSwi)
                  20004eac    00000020                      : GPIOCC26XX.oem4f (.bss:gpioCallbackInfo)
                  20004ecc    00000020                      : PINCC26XX.oem4f (.bss:pinGpioConfigTable)
                  20004eec    00000020     ti_drivers_config.obj (.bss:uartCC26XXRingBuffer0)
                  20004f0c    0000001c     drivers_cc13x2.a : PINCC26XX.oem4f (.bss:pinHwi)
                  20004f28    0000000c                      : GPIOCC26XX.oem4f (.bss:gpioPinState)
                  20004f34    00000008                      : GPIOCC26XX.oem4f (.bss)
                  20004f3c    00000004                      : PINCC26XX.oem4f (.bss)
                  20004f40    00000004     uartecho.obj (.bss)
                  20004f44    00000004     (.common:PowerCC26XX_swiKey)
                  20004f48    00000004     (.common:PowerCC26XX_taskKey)
                  20004f4c    00000004     (.common:uart)
                  20004f50    00000001     (.common:driverlib_release_0_60278)

.data      0    20004f58    000009c4     UNINITIALIZED
                  20004f58    00000400     uartecho.obj (.data:bufff)
                  20005358    00000170     drivers_cc13x2.a : PowerCC26X2.oem4f (.data:PowerCC26X2_module)
                  200054c8    0000010c     release_pem4f.oem4f (.data:ROM_stateStruct)
                  200055d4    000000b4     rom_sysbios.aem4f : rom_sysbios.obj (.data:$O1$$)
                  20005688    0000004c     release_pem4f.oem4f (.data:ti_sysbios_knl_Task_Object__table__V)
                  200056d4    00000004     ti_drivers_config.obj (.data:gpioCallbackFunctions)
                  200056d8    00000048     release_pem4f.oem4f (.data:ti_sysbios_family_arm_cc26xx_Timer_Object__table__V)
                  20005720    00000038     release_pem4f.oem4f (.data:ti_sysbios_gates_GateMutex_Object__table__V)
                  20005758    00000030     release_pem4f.oem4f (.data:ti_sysbios_knl_Swi_Module_State_0_readyQ__A)
                  20005788    00000030     release_pem4f.oem4f (.data:ti_sysbios_knl_Swi_Object__table__V)
                  200057b8    00000030     release_pem4f.oem4f (.data:ti_sysbios_knl_Task_Module_State_0_readyQ__A)
                  200057e8    00000024     driverlib.lib : osc.obj (.data:$O1$$)
                  2000580c    00000020     release_pem4f.oem4f (.data:ti_sysbios_knl_Clock_Object__table__V)
                  2000582c    00000020     release_pem4f.oem4f (.data:xdc_runtime_Error_IgnoreBlock)
                  2000584c    00000018     release_pem4f.oem4f (.data:ti_sysbios_family_arm_m3_Hwi_Object__table__V)
                  20005864    00000018     release_pem4f.oem4f (.data:ti_sysbios_heaps_HeapMem_Object__table__V)
                  2000587c    00000008     rtsv7M4_T_le_v4SPD16_eabi.lib : _lock.c.obj (.data:$O1$$)
                  20005884    00000008     drivers_cc13x2.a : PINCC26XX.oem4f (.data)
                  2000588c    00000008     release_pem4f.oem4f (.data:ti_sysbios_family_arm_m3_Hwi_Module__root__V)
                  20005894    00000008     release_pem4f.oem4f (.data:ti_sysbios_gates_GateHwi_Module__root__V)
                  2000589c    00000008     release_pem4f.oem4f (.data:ti_sysbios_gates_GateMutex_Module__root__V)
                  200058a4    00000008     release_pem4f.oem4f (.data:ti_sysbios_hal_Hwi_Module__root__V)
                  200058ac    00000008     release_pem4f.oem4f (.data:ti_sysbios_heaps_HeapMem_Module__root__V)
                  200058b4    00000008     release_pem4f.oem4f (.data:ti_sysbios_knl_Clock_Module__root__V)
                  200058bc    00000008     release_pem4f.oem4f (.data:ti_sysbios_knl_Event_Module__root__V)
                  200058c4    00000008     release_pem4f.oem4f (.data:ti_sysbios_knl_Mailbox_Module__root__V)
                  200058cc    00000008     release_pem4f.oem4f (.data:ti_sysbios_knl_Queue_Module__root__V)
                  200058d4    00000008     release_pem4f.oem4f (.data:ti_sysbios_knl_Semaphore_Module__root__V)
                  200058dc    00000008     release_pem4f.oem4f (.data:ti_sysbios_knl_Swi_Module__root__V)
                  200058e4    00000008     release_pem4f.oem4f (.data:ti_sysbios_knl_Task_Module__root__V)
                  200058ec    00000008     release_pem4f.oem4f (.data:xdc_runtime_System_Module_State_0_atexitHandlers__A)
                  200058f4    00000005     drivers_cc13x2.a : GPIOCC26XX.oem4f (.data)
                  200058f9    00000001                      : UART.oem4f (.data)
                  200058fa    00000002     release_pem4f.oem4f (.data:ti_sysbios_family_arm_m3_Hwi_Module_State_0_excActive__A)
                  200058fc    00000004     ti_drivers_config.obj (.data:gpioPinConfigs)
                  20005900    00000004     drivers_cc13x2.a : GPIOCC26XX.oem4f (.data:gpioPinTable)
                  20005904    00000004     rtsv7M4_T_le_v4SPD16_eabi.lib : stkdepth_vars.c.obj (.data)
                  20005908    00000004                                   : strtok.c.obj (.data)
                  2000590c    00000004     release_pem4f.oem4f (.data:ti_sysbios_family_arm_m3_Hwi_Module_State_0_excContext__A)
                  20005910    00000004     release_pem4f.oem4f (.data:ti_sysbios_family_arm_m3_Hwi_Module_State_0_excStack__A)
                  20005914    00000004     release_pem4f.oem4f (.data:ti_sysbios_knl_Task_Module_State_0_idleTask__A)
                  20005918    00000004     uartecho.obj (.data)

.stack     0    20013c00    00000400     UNINITIALIZED
                  20013c00    00000400     --HOLE--

.priheap   0    20000110    00004000     UNINITIALIZED
                  20000110    00004000     --HOLE--

.log_data 
*          0    90000000    00000000     COPY SECTION

.data:xdcRomConstPtr 
*          0    20000100    00000004     UNINITIALIZED
                  20000100    00000004     release_pem4f.oem4f (.data:xdcRomConstPtr)

.data:xdcRomExternFuncPtr 
*          0    20000104    00000004     UNINITIALIZED
                  20000104    00000004     release_pem4f.oem4f (.data:xdcRomExternFuncPtr)

.data:xdcRomStatePtr 
*          0    20000108    00000004     UNINITIALIZED
                  20000108    00000004     release_pem4f.oem4f (.data:xdcRomStatePtr)

.bootVecs 
*          0    00000000    00000008     DSECT
                  00000000    00000008     boot.aem4f : boot.oem4f (.bootVecs)

.resetVecs 
*          0    00000000    0000003c     
                  00000000    0000003c     release_pem4f.oem4f (.resetVecs)

.TI.bound:flashBuf0 
*          0    00002000    00004000     UNINITIALIZED
                  00002000    00004000     ti_drivers_config.obj (.TI.bound:flashBuf0)

.vecs      0    20000000    000000d8     NOLOAD SECTION
                  20000000    000000d8     release_pem4f.oem4f (.vecs)

xdc.meta   0    00000000    00000102     COPY SECTION
                  00000000    00000102     release_pem4f.oem4f (xdc.meta)

xdc.noload 
*          0    00000000    00000000     COPY SECTION

__llvm_prf_cnts 
*          0    20000000    00000000     UNINITIALIZED

.text.1    0    0000003c    00001fc4     
                  0000003c    0000062c     uartecho.obj (.text:cliThread)
                  00000668    00000008     (.tramp.xdc_runtime_System_printf__E.1)
                  00000670    00000008     (.tramp.xdc_runtime_SysCallback_flush__E.1)
                  00000678    00000008     (.tramp.ti_sysbios_knl_Semaphore_pend__E.1)
                  00000680    00000008     (.tramp.ti_sysbios_knl_Semaphore_post__E.1)
                  00000688    00000008     (.tramp.strlen.1)
                  00000690    00000008     (.tramp.ti_sysbios_knl_Task_sleep__E.1)
                  00000698    000001f4     drivers_cc13x2.a : PINCC26XX.oem4f (.text:PIN_init)
                  0000088c    000001b6     rtsv7M4_T_le_v4SPD16_eabi.lib : fd_add_t2.asm.obj (.text)
                  00000a42    00000002     ti_drivers_config.obj (.text:Board_initHook)
                  00000a44    00000198     drivers_cc13x2.a : PowerCC26X2.oem4f (.text:Power_sleep)
                  00000bdc    00000190                      : PowerCC26X2_calibrateRCOSC.oem4f (.text:calibrateRcoscHf1)
                  00000d6c    0000018c                      : PowerCC26X2_calibrateRCOSC.oem4f (.text:runCalibrateFsm)
                  00000ef8    00000188     release_pem4f.oem4f (.text:xdc_runtime_System_printfExtend__I)
                  00001080    00000008     (.tramp.xdc_runtime_System_doPrint__I.1)
                  00001088    00000174     drivers_cc13x2.a : PowerCC26X2.oem4f (.text:Power_init)
                  000011fc    00000164                      : UARTCC26XX.oem4f (.text:UARTCC26XX_open)
                  00001360    00000008     (.tramp.ti_sysbios_family_arm_m3_Hwi_restoreFxn__E.1)
                  00001368    00000154                      : UARTCC26XX.oem4f (.text:UARTCC26XX_hwiIntFxn)
                  000014bc    0000013a                      : UARTCC26XX.oem4f (.text:UARTCC26XX_read)
                  000015f6    00000002     rtsv7M4_T_le_v4SPD16_eabi.lib : _lock.c.obj (.text:_nop)
                  000015f8    00000120     drivers_cc13x2.a : PowerCC26X2.oem4f (.text:configureXOSCHF)
                  00001718    00000114                      : PINCC26XX.oem4f (.text:PINCC26XX_setIoCfg)
                  0000182c    00000110                      : GPIOCC26XX.oem4f (.text:GPIO_setConfig)
                  0000193c    000000fc     rtsv7M4_T_le_v4SPD16_eabi.lib : fd_mul_t2.asm.obj (.text)
                  00001a38    000000f0     driverlib.lib : sys_ctrl.obj (.text:NOROM_SysCtrlStandby)
                  00001b28    000000e0     drivers_cc13x2.a : UARTCC26XX.oem4f (.text:UARTCC26XX_write)
                  00001c08    000000c8     dpl_cc13x2.a : PowerCC26X2_tirtos.oem4f (.text:PowerCC26XX_standbyPolicy)
                  00001cd0    00000008     (.tramp.ti_sysbios_knl_Clock_setTimeout__E.1)
                  00001cd8    00000008     (.tramp.ti_sysbios_knl_Clock_start__E.1)
                  00001ce0    00000008     (.tramp.ti_sysbios_knl_Clock_stop__E.1)
                  00001ce8    000000c4     drivers_cc13x2.a : GPIOCC26XX.oem4f (.text:GPIO_init)
                  00001dac    000000c0                      : PowerCC26X2.oem4f (.text:Power_releaseDependency)
                  00001e6c    000000c0                      : UARTCC26XX.oem4f (.text:UARTCC26XX_initIO)
                  00001f2c    000000b8                      : PowerCC26X2.oem4f (.text:Power_setDependency)
                  00001fe4    0000001c     driverlib.lib : chipinfo.obj (.text:NOROM_ChipInfo_GetChipFamily)

.text.2    0    00006000    000028f8     
                  00006000    000000b8     drivers_cc13x2.a : UARTCC26XX.oem4f (.text:UARTCC26XX_initHw)
                  000060b8    000000ac                      : PINCC26XX.oem4f (.text:PIN_open)
                  00006164    000000ac     driverlib.lib : setup.obj (.text:TrimAfterColdResetWakeupFromShutDown)
                  00006210    000000a0     auto_init.aem4f : auto_init.oem4f (.text)
                  000062b0    0000009c     rtsv7M4_T_le_v4SPD16_eabi.lib : memcpy_t2.asm.obj (.text)
                  0000634c    00000098     driverlib.lib : setup.obj (.text:NOROM_SetupTrimDevice)
                  000063e4    00000098     drivers_cc13x2.a : UARTCC26XX.oem4f (.text:writeTxFifoFlush)
                  0000647c    00000096     rtsv7M4_T_le_v4SPD16_eabi.lib : ull_div_t2.asm.obj (.text)
                  00006512    00000092     drivers_cc13x2.a : UARTCC26XX.oem4f (.text:UARTCC26XX_writeCancel)
                  000065a4    00000090     main_tirtos.obj (.text:main)
                  00006634    00000088     driverlib.lib : osc.obj (.text:NOROM_OSCHF_AttemptToSwitchToXosc)
                  000066bc    00000088     drivers_cc13x2.a : PowerCC26X2_calibrateRCOSC.oem4f (.text:calibrateRcoscHf2)
                  00006744    00000088                      : PowerCC26X2.oem4f (.text:disableLFClockQualifiers)
                  000067cc    00000088                      : PowerCC26X2_calibrateRCOSC.oem4f (.text:updateSubSecInc)
                  00006854    00000086     rtsv7M4_T_le_v4SPD16_eabi.lib : fd_cmp_t2.asm.obj (.text:__aeabi_cdcmple)
                  000068da    00000086                                   : fd_cmp_t2.asm.obj (.text:__aeabi_cdrcmple)
                  00006960    00000084     ti_drivers_config.obj (.text:Board_sendExtFlashByte)
                  000069e4    00000084     drivers_cc13x2.a : UARTCC26XX.oem4f (.text:UARTCC26XX_close)
                  00006a68    00000084     rom_sysbios.aem4f : rom_sysbios.obj (.text:ti_sysbios_family_arm_m3_Hwi_excHandlerMin__I)
                  00006aec    00000080     driverlib.lib : chipinfo.obj (.text:NOROM_ChipInfo_GetChipType)
                  00006b6c    00000080                   : sys_ctrl.obj (.text:NOROM_SysCtrlSetRechargeBeforePowerDown)
                  00006bec    00000080     uartecho.obj (.text:convertStrUint)
                  00006c6c    00000080     rom_sysbios.aem4f : rom_sysbios.obj (.text:ti_sysbios_family_arm_cc26xx_Timer_start__E)
                  00006cec    0000007a     rtsv7M4_T_le_v4SPD16_eabi.lib : memset_t2.asm.obj (.text)
                  00006d66    00000076     rom_sysbios.aem4f : rom_sysbios.obj (.text:ti_sysbios_heaps_HeapMem_allocUnprotected__E)
                  00006ddc    00000075     uartecho.obj (.text:int2hex)
                  00006e51    00000001     --HOLE-- [fill = 0]
                  00006e52    00000002     drivers_cc13x2.a : PowerCC26X2.oem4f (.text:emptyClockFunc)
                  00006e54    00000074                      : PowerCC26X2_calibrateRCOSC.oem4f (.text:PowerCC26X2_auxISR)
                  00006ec8    00000070                      : PINCC26XX.oem4f (.text:PIN_add)
                  00006f38    0000006d     rom_sysbios.aem4f : rom_sysbios.obj (.text:xdc_runtime_System_formatNum__I)
                  00006fa5    00000001     --HOLE-- [fill = 0]
                  00006fa6    00000002     rtsv7M4_T_le_v4SPD16_eabi.lib : div0.asm.obj (.text)
                  00006fa8    00000068     driverlib.lib : osc.obj (.text:NOROM_OSCHF_SwitchToRcOscTurnOffXosc)
                  00007010    00000068     rtsv7M4_T_le_v4SPD16_eabi.lib : copy_decompress_lzss.c.obj (.text:decompress:lzss:__TI_decompress_lzss)
                  00007078    00000064     drivers_cc13x2.a : UARTCC26XX.oem4f (.text:UARTCC26XX_control)
                  000070dc    00000062                      : UARTCC26XX.oem4f (.text:UARTCC26XX_swiIntFxn)
                  0000713e    00000002     release_pem4f.oem4f (.text:ti_sysbios_BIOS_nullFunc__I)
                  00007140    00000060     drivers_cc13x2.a : GPIOCC26XX.oem4f (.text:GPIO_write)
                  000071a0    0000005c                      : PINCC26XX.oem4f (.text:PIN_remove)
                  000071fc    0000005c                      : UARTCC26XX.oem4f (.text:startTxFifoEmptyClk)
                  00007258    0000005c     rom_sysbios.aem4f : rom_sysbios.obj (.text:ti_sysbios_heaps_HeapMem_initPrimary__I)
                  000072b4    0000005c     release_pem4f.oem4f (.text:xdc_runtime_Startup_getState__I)
                  00007310    00000058     drivers_cc13x2.a : PowerCC26X2_calibrateRCOSC.oem4f (.text:PowerCC26X2_initiateCalibration)
                  00007368    00000058     boot.aem4f : boot.oem4f (.text)
                  000073c0    00000058     uartecho.obj (.text:hex2int)
                  00007418    00000058     rom_sysbios.aem4f : rom_sysbios.obj (.text:ti_sysbios_heaps_HeapMem_alloc__E)
                  00007470    00000054     driverlib.lib : prcm.obj (.text:NOROM_PRCMPowerDomainsAllOff)
                  000074c4    00000054     dpl_cc13x2.a : SwiP_tirtos.oem4f (.text:SwiP_construct)
                  00007518    0000004c     ti_drivers_config.obj (.text:Board_wakeUpExtFlash)
                  00007564    0000004c     driverlib.lib : prcm.obj (.text:NOROM_PRCMPowerDomainsAllOn)
                  000075b0    0000004c     drivers_cc13x2.a : UARTCC26XX.oem4f (.text:UARTCC26XX_readCancel)
                  000075fc    0000004c     rtsv7M4_T_le_v4SPD16_eabi.lib : cpy_tbl.c.obj (.text:copy_in)
                  00007648    00000048     drivers_cc13x2.a : PINCC26XX.oem4f (.text:PIN_setOutputEnable)
                  00007690    00000048                      : PowerCC26X2_calibrateRCOSC.oem4f (.text:PowerCC26X2_RCOSC_clockFunc)
                  000076d8    00000048                      : PowerCC26X2.oem4f (.text:switchXOSCHF)
                  00007720    00000048                      : UARTCC26XX.oem4f (.text:writeFinishedDoCallback)
                  00007768    00000046                      : RingBuf.oem4f (.text:RingBuf_put)
                  000077ae    00000002     rom_sysbios.aem4f : rom_sysbios.obj (.text:xdc_runtime_SysCallback_defaultAbort)
                  000077b0    00000044     driverlib.lib : chipinfo.obj (.text:NOROM_ChipInfo_GetHwRevision)
                  000077f4    00000044     drivers_cc13x2.a : PINCC26XX.oem4f (.text:PIN_swi)
                  00007838    00000044                      : UART.oem4f (.text:UART_init)
                  0000787c    00000044     led.obj (.text:ledThread)
                  000078c0    00000044     rtsv7M4_T_le_v4SPD16_eabi.lib : fd_tou_t2.asm.obj (.text)
                  00007904    00000040     ti_drivers_config.obj (.text:Board_shutDownExtFlash)
                  00007944    00000040     dpl_cc13x2.a : ClockP_tirtos.oem4f (.text:ClockP_construct)
                  00007984    00000040     driverlib.lib : osc.obj (.text:NOROM_OSC_HPOSCRelativeFrequencyOffsetGet)
                  000079c4    00000040     drivers_cc13x2.a : RingBuf.oem4f (.text:RingBuf_get)
                  00007a04    00000040                      : UART.oem4f (.text:UART_open)
                  00007a44    00000040     rtsv7M4_T_le_v4SPD16_eabi.lib : u_divt2.asm.obj (.text)
                  00007a84    00000040                                   : strtok.c.obj (.text:strtok)
                  00007ac4    00000040     rom_sysbios.aem4f : rom_sysbios.obj (.text:ti_sysbios_family_arm_cc26xx_Timer_setThreshold__I)
                  00007b04    0000003e     dpl_cc13x2.a : HwiP_tirtos.oem4f (.text:HwiP_construct)
                  00007b42    00000002     rom_sysbios.aem4f : rom_sysbios.obj (.text:xdc_runtime_SysCallback_defaultExit)
                  00007b44    0000003c     drivers_cc13x2.a : PINCC26XX.oem4f (.text:PIN_setOutputValue)
                  00007b80    0000003c     rom_sysbios.aem4f : rom_sysbios.obj (.text:ti_sysbios_family_arm_m3_Hwi_construct2__E)
                  00007bbc    00000038     drivers_cc13x2.a : PINCC26XX.oem4f (.text:PIN_setConfig)
                  00007bf4    00000038                      : PowerCC26X2.oem4f (.text:notify)
                  00007c2c    00000038                      : UARTCC26XX.oem4f (.text:readData)
                  00007c64    00000038     rtsv7M4_T_le_v4SPD16_eabi.lib : fs_tod_t2.asm.obj (.text)
                  00007c9c    00000038     drivers_cc13x2.a : UARTCC26XX.oem4f (.text:writeData)
                  00007cd4    00000034     driverlib.lib : aux_sysif.obj (.text:NOROM_AUXSYSIFOpModeChange)
                  00007d08    00000034                   : sys_ctrl.obj (.text:NOROM_SysCtrlIdle)
                  00007d3c    00000034     drivers_cc13x2.a : UARTCC26XX.oem4f (.text:readData2RingBuf)
                  00007d70    00000034     uartecho.obj (.text:uart_read_string)
                  00007da4    00000034     uartecho.obj (.text:uart_write_string)
                  00007dd8    00000032     rom_sysbios.aem4f : rom_sysbios.obj (.text:ti_sysbios_family_arm_cc26xx_Timer_setNextTick__E)
                  00007e0a    00000002                       : rom_sysbios.obj (.text:xdc_runtime_SysCallback_defaultFlush)
                  00007e0c    00000030     drivers_cc13x2.a : GPIOCC26XX.oem4f (.text:GPIO_hwiIntFxn)
                  00007e3c    00000030                      : GPIOCC26XX.oem4f (.text:GPIO_setCallback)
                  00007e6c    00000030                      : PINCC26XX.oem4f (.text:PINCC26XX_setMux)
                  00007e9c    00000030                      : PowerCC26X2.oem4f (.text:Power_releaseConstraint)
                  00007ecc    00000030                      : PowerCC26X2.oem4f (.text:Power_setConstraint)
                  00007efc    00000030     release_pem4f.oem4f (.text:ti_sysbios_BIOS_atExitFunc__I)
                  00007f2c    00000030     release_pem4f.oem4f (.text:ti_sysbios_BIOS_startFunc__I)
                  00007f5c    00000030     rom_sysbios.aem4f : rom_sysbios.obj (.text:ti_sysbios_family_arm_cc26xx_Timer_getCurrentTick__E)
                  00007f8c    00000030                       : rom_sysbios.obj (.text:ti_sysbios_family_arm_cc26xx_Timer_initDevice__I)
                  00007fbc    0000002c     dpl_cc13x2.a : SemaphoreP_tirtos.oem4f (.text:SemaphoreP_constructBinary)
                  00007fe8    0000002c                  : SemaphoreP_tirtos.oem4f (.text:SemaphoreP_createBinary)
                  00008014    0000002c     rom_sysbios.aem4f : rom_sysbios.obj (.text:_pthread_delete$45)
                  00008040    0000002c                       : rom_sysbios.obj (.text:ti_sysbios_knl_Clock_getTicksUntilInterrupt__E)
                  0000806c    0000002a     rtsv7M4_T_le_v4SPD16_eabi.lib : strspn.c.obj (.text:strspn)
                  00008096    00000002     rom_sysbios.aem4f : rom_sysbios.obj (.text:xdc_runtime_SysCallback_defaultPutch)
                  00008098    00000028     drivers_cc13x2.a : PowerCC26X2.oem4f (.text:Power_registerNotify)
                  000080c0    00000028                      : PowerCC26X2.oem4f (.text:oscillatorISR)
                  000080e8    00000026                      : List.oem4f (.text:List_put)
                  0000810e    00000026                      : List.oem4f (.text:List_remove)
                  00008134    00000024     driverlib.lib : osc.obj (.text:NOROM_OSCHF_TurnOnXosc)
                  00008158    00000024     rom_sysbios.aem4f : rom_sysbios.obj (.text:_pthread_cleanupFxn)
                  0000817c    00000024     drivers_cc13x2.a : PowerCC26X2_calibrateRCOSC.oem4f (.text:getTdcSemaphore)
                  000081a0    00000024     rtsv7M4_T_le_v4SPD16_eabi.lib : strcspn.c.obj (.text:strcspn)
                  000081c4    00000024     release_pem4f.oem4f (.text:ti_sysbios_BIOS_registerRTSLock__I)
                  000081e8    00000024     release_pem4f.oem4f (.text:ti_sysbios_BIOS_removeRTSLock__I)
                  0000820c    00000024     rom_sysbios.aem4f : rom_sysbios.obj (.text:ti_sysbios_family_arm_cc26xx_Timer_getMaxTicks__E)
                  00008230    00000020     ti_drivers_config.obj (.text:Board_init)
                  00008250    00000020     drivers_cc13x2.a : PINCC26XX.oem4f (.text:PINCC26XX_setIoCfgMux)
                  00008270    00000020                      : PowerCC26X2.oem4f (.text:Power_unregisterNotify)
                  00008290    00000020     rtsv7M4_T_le_v4SPD16_eabi.lib : u_tofd_t2.asm.obj (.text)
                  000082b0    00000020     drivers_cc13x2.a : UARTCC26XX.oem4f (.text:threadSafeStdbyDisRelease)
                  000082d0    00000020                      : UARTCC26XX.oem4f (.text:threadSafeStdbyDisSet)
                  000082f0    00000020     release_pem4f.oem4f (.text:ti_sysbios_BIOS_rtsLock__I)
                  00008310    00000020     rom_sysbios.aem4f : rom_sysbios.obj (.text:ti_sysbios_family_arm_cc26xx_Timer_dynamicStub__E)
                  00008330    00000020                       : rom_sysbios.obj (.text:xdc_runtime_Error_policyMin__E)
                  00008350    0000001e     drivers_cc13x2.a : PINCC26XX.oem4f (.text:PIN_close)
                  0000836e    0000001e                      : PowerCC26X2.oem4f (.text:Power_getTransitionLatency)
                  0000838c    0000001c                      : PINCC26XX.oem4f (.text:PIN_hwi)
                  000083a8    0000001c     dpl_cc13x2.a : PowerCC26X2_tirtos.oem4f (.text:PowerCC26XX_schedulerDisable)
                  000083c4    0000001c                  : PowerCC26X2_tirtos.oem4f (.text:PowerCC26XX_schedulerRestore)
                  000083e0    0000001c     rom_sysbios.aem4f : rom_sysbios.obj (.text:ti_sysbios_knl_Swi_construct2__E)
                  000083fc    0000001c     release_pem4f.oem4f (.text:xdc_runtime_Startup_exec__I)
                  00008418    0000001a     drivers_cc13x2.a : PowerCC26X2.oem4f (.text:PowerCC26XX_calibrate)
                  00008432    00000002     --HOLE-- [fill = 0]
                  00008434    00000018     driverlib.lib : chipinfo.obj (.text:NOROM_ChipInfo_GetPackageType)
                  0000844c    00000018     drivers_cc13x2.a : PowerCC26X2.oem4f (.text:Power_idleFunc)
                  00008464    00000018                      : UART.oem4f (.text:UART_Params_init)
                  0000847c    00000018     rtsv7M4_T_le_v4SPD16_eabi.lib : args_main.c.obj (.text:_args_main)
                  00008494    00000018                                   : ll_mul_t2.asm.obj (.text)
                  000084ac    00000018                                   : strcmp.c.obj (.text:strcmp)
                  000084c4    00000018     drivers_cc13x2.a : PowerCC26X2.oem4f (.text:switchToTCXO)
                  000084dc    00000018     release_pem4f.oem4f (.text:ti_sysbios_BIOS_rtsUnlock__I)
                  000084f4    00000018     rom_sysbios.aem4f : rom_sysbios.obj (.text:ti_sysbios_knl_Swi_or__E)
                  0000850c    00000018                       : rom_sysbios.obj (.text:xdc_runtime_Error_init__E)
                  00008524    00000016     driverlib.lib : chipinfo.obj (.text:NOROM_ThisLibraryIsFor_CC13x2_CC26x2_HwRev20AndLater_HaltIfViolated)
                  0000853a    00000016     release_pem4f.oem4f (.text:ti_sysbios_BIOS_exitFunc__I)
                  00008550    00000016     main_tirtos.obj (.text:ti_sysbios_knl_Semaphore_Params_init)
                  00008566    00000016     main_tirtos.obj (.text:ti_sysbios_knl_Task_Params_init)
                  0000857c    00000014     drivers_cc13x2.a : PINCC26XX.oem4f (.text:PINCC26XX_getPinCount)
                  00008590    00000014                      : PowerCC26X2_calibrateRCOSC.oem4f (.text:PowerCC26X2_calibrate)
                  000085a4    00000014     uartecho.obj (.text:init_echo)
                  000085b8    00000014     rtsv7M4_T_le_v4SPD16_eabi.lib : strcpy.c.obj (.text:strcpy)
                  000085cc    00000014     rom_sysbios.aem4f : rom_sysbios.obj (.text:ti_sysbios_family_arm_cc26xx_Timer_getCount64__E)
                  000085e0    00000014     release_pem4f.oem4f (.text:ti_sysbios_knl_Clock_doTick__I)
                  000085f4    00000012     drivers_cc13x2.a : RingBuf.oem4f (.text:RingBuf_construct)
                  00008606    00000012     dpl_cc13x2.a : SemaphoreP_tirtos.oem4f (.text:SemaphoreP_pend)
                  00008618    00000010                  : HwiP_tirtos.oem4f (.text:HwiP_Params_init)
                  00008628    00000010                  : SwiP_tirtos.oem4f (.text:SwiP_Params_init)
                  00008638    00000010     drivers_cc13x2.a : UARTCC26XX.oem4f (.text:uartPostNotify)
                  00008648    0000000e     rtsv7M4_T_le_v4SPD16_eabi.lib : copy_decompress_none.c.obj (.text:decompress:none:__TI_decompress_none)
                  00008656    0000000e     rom_sysbios.aem4f : rom_sysbios.obj (.text:ti_sysbios_family_arm_cc26xx_TimestampProvider_get32__E)
                  00008664    0000000c     dpl_cc13x2.a : ClockP_tirtos.oem4f (.text:ClockP_getSystemTickPeriod)
                  00008670    0000000c     driverlib.lib : cpu.obj (.text:NOROM_CPUcpsid)
                  0000867c    0000000c                   : cpu.obj (.text:NOROM_CPUcpsie)
                  00008688    0000000c     drivers_cc13x2.a : PINCC26XX.oem4f (.text:PIN_registerIntCb)
                  00008694    0000000c                      : PowerCC26X2.oem4f (.text:Power_getConstraintMask)
                  000086a0    0000000c                      : PowerCC26X2.oem4f (.text:Power_getDependencyCount)
                  000086ac    0000000c     dpl_cc13x2.a : SemaphoreP_tirtos.oem4f (.text:SemaphoreP_delete)
                  000086b8    0000000c     rtsv7M4_T_le_v4SPD16_eabi.lib : _lock.c.obj (.text:_register_lock)
                  000086c4    0000000c                                   : _lock.c.obj (.text:_register_unlock)
                  000086d0    0000000c                                   : copy_zero_init.c.obj (.text:decompress:ZI:__TI_zero_init)
                  000086dc    0000000c     rom_sysbios.aem4f : rom_sysbios.obj (.text:ti_sysbios_knl_Swi_getTrigger__E)
                  000086e8    0000000a     dpl_cc13x2.a : ClockP_tirtos.oem4f (.text:ClockP_Params_init)
                  000086f2    0000000a     drivers_cc13x2.a : UART.oem4f (.text:UART_read)
                  000086fc    0000000a                      : UART.oem4f (.text:UART_write)
                  00008706    0000000a     led.obj (.text:init_led)
                  00008710    0000000a     drivers_cc13x2.a : UARTCC26XX.oem4f (.text:readSemCallback)
                  0000871a    00000008                      : UARTCC26XX.oem4f (.text:UARTCC26XX_init)
                  00008722    00000008                      : UARTCC26XX.oem4f (.text:writeSemCallback)
                  0000872a    00000008     release_pem4f.oem4f (.text:xdc_runtime_Text_visitRope__I)
                  00008732    00000006     driverlib.lib : cpu.obj (.text:NOROM_CPUdelay)
                  00008738    00000006     drivers_cc13x2.a : UARTCC26XX.oem4f (.text:UARTCC26XX_readPolling)
                  0000873e    00000006                      : UARTCC26XX.oem4f (.text:UARTCC26XX_writePolling)
                  00008744    00000006                      : PowerCC26X2.oem4f (.text:delayUs)
                  0000874a    00000004     dpl_cc13x2.a : PowerCC26X2_tirtos.oem4f (.text:CPUwfi)
                  0000874e    00000004                  : ClockP_tirtos.oem4f (.text:ClockP_destruct)
                  00008752    00000004                  : ClockP_tirtos.oem4f (.text:ClockP_getCpuFreq)
                  00008756    00000004                  : ClockP_tirtos.oem4f (.text:ClockP_setTimeout)
                  0000875a    00000004                  : ClockP_tirtos.oem4f (.text:ClockP_start)
                  0000875e    00000004                  : ClockP_tirtos.oem4f (.text:ClockP_stop)
                  00008762    00000004                  : HwiP_tirtos.oem4f (.text:HwiP_destruct)
                  00008766    00000004                  : HwiP_tirtos.oem4f (.text:HwiP_disable)
                  0000876a    00000004                  : SemaphoreP_tirtos.oem4f (.text:SemaphoreP_destruct)
                  0000876e    00000004                  : SemaphoreP_tirtos.oem4f (.text:SemaphoreP_post)
                  00008772    00000004                  : SwiP_tirtos.oem4f (.text:SwiP_destruct)
                  00008776    00000004                  : SwiP_tirtos.oem4f (.text:SwiP_getTrigger)
                  0000877a    00000004                  : SwiP_tirtos.oem4f (.text:SwiP_or)
                  0000877e    00000004     drivers_cc13x2.a : PowerCC26X2.oem4f (.text:configureRFCoreClocks)
                  00008782    00000004                      : PowerCC26X2.oem4f (.text:nopResourceHandler)
                  00008786    00000004     release_pem4f.oem4f (.text:xdc_runtime_Startup_reset__I)
                  0000878a    00000004     rom_sysbios.aem4f : rom_sysbios.obj (.text:xdc_runtime_SysCallback_defaultReady)
                  0000878e    00000002     --HOLE-- [fill = 0]
                  00008790    00000008     (.tramp.ti_sysbios_knl_Swi_destruct.1)
                  00008798    00000008     (.tramp.ti_sysbios_family_arm_m3_Hwi_disableFxn__E.1)
                  000087a0    00000008     (.tramp.ti_sysbios_family_arm_m3_Hwi_destruct.1)
                  000087a8    00000008     (.tramp.ti_sysbios_BIOS_getCpuFreq__E.1)
                  000087b0    00000008     (.tramp.ti_sysbios_knl_Clock_destruct.1)
                  000087b8    00000008     (.tramp.ti_sysbios_knl_Semaphore_delete.1)
                  000087c0    00000008     (.tramp.ti_sysbios_knl_Clock_logTick__E.1)
                  000087c8    00000008     (.tramp.ti_sysbios_knl_Task_Params__init__S.1)
                  000087d0    00000008     (.tramp.ti_sysbios_knl_Swi_post__E.1)
                  000087d8    00000008     (.tramp.ti_sysbios_BIOS_RtsGateProxy_leave__E.1)
                  000087e0    00000008     (.tramp.ti_sysbios_knl_Swi_construct.1)
                  000087e8    00000008     (.tramp.ti_sysbios_knl_Swi_restore__E.1)
                  000087f0    00000008     (.tramp.ti_sysbios_BIOS_RtsGateProxy_enter__E.1)
                  000087f8    00000008     (.tramp.ti_sysbios_knl_Task_restore__E.1)
                  00008800    00000008     (.tramp.ti_sysbios_knl_Clock_TimerProxy_getCurrentTick__E.1)
                  00008808    00000008     (.tramp.xdc_runtime_Memory_free__E.1)
                  00008810    00000008     (.tramp.ti_sysbios_knl_Task_delete.1)
                  00008818    00000008     (.tramp.ti_sysbios_knl_Semaphore_destruct.1)
                  00008820    00000008     (.tramp.ti_sysbios_knl_Semaphore_construct.1)
                  00008828    00000008     (.tramp.ti_sysbios_knl_Semaphore_Params__init__S.1)
                  00008830    00000008     (.tramp.ti_sysbios_knl_Task_startup__E.1)
                  00008838    00000008     (.tramp.ti_sysbios_knl_Swi_startup__E.1)
                  00008840    00000008     (.tramp.ti_sysbios_hal_Hwi_startup__E.1)
                  00008848    00000008     (.tramp.ti_sysbios_family_arm_cc26xx_Timer_startup__E.1)
                  00008850    00000008     (.tramp.xdc_runtime_System_atexit__E.1)
                  00008858    00000008     (.tramp.ti_sysbios_BIOS_linkedWithIncorrectBootLibrary__E.1)
                  00008860    00000008     (.tramp.xdc_runtime_Startup_rtsDone__E.1)
                  00008868    00000008     (.tramp.ti_sysbios_knl_Task_disable__E.1)
                  00008870    00000008     (.tramp.ti_sysbios_knl_Swi_disable__E.1)
                  00008878    00000008     (.tramp.ti_sysbios_family_arm_m3_Hwi_construct.1)
                  00008880    00000008     (.tramp.ti_sysbios_family_arm_m3_Hwi_Params__init__S.1)
                  00008888    00000008     (.tramp.ti_sysbios_knl_Clock_construct.1)
                  00008890    00000008     (.tramp.ti_sysbios_knl_Clock_Params__init__S.1)
                  00008898    00000008     (.tramp.ti_sysbios_knl_Swi_Params__init__S.1)
                  000088a0    00000008     (.tramp.ti_sysbios_heaps_HeapMem_Module_GateProxy_leave__E.1)
                  000088a8    00000008     (.tramp.ti_sysbios_heaps_HeapMem_Module_GateProxy_enter__E.1)
                  000088b0    00000008     (.tramp.xdc_runtime_System_exit__E.1)
                  000088b8    00000008     (.tramp.ti_sysbios_heaps_HeapMem_restore__E.1)
                  000088c0    00000008     (.tramp.ti_sysbios_heaps_HeapMem_Object__get__S.1)
                  000088c8    00000008     (.tramp.xdc_runtime_Error_raiseX__E.1)
                  000088d0    00000008     (.tramp.ti_sysbios_BIOS_setThreadType__E.1)
                  000088d8    00000008     (.tramp.ti_sysbios_family_arm_m3_Hwi_excFillContext__I.1)
                  000088e0    00000008     (.tramp.ti_sysbios_BIOS_start__E.1)
                  000088e8    00000008     (.tramp.ti_sysbios_knl_Task_construct.1)
                  000088f0    00000008     (.tramp.ti_sysbios_knl_Semaphore_create.1)

.const     0    000088f8    00000690     
                  000088f8    000003b8     release_pem4f.oem4f (.const:ROM_constStruct)
                  00008cb0    00000054     drivers_cc13x2.a : PowerCC26X2.oem4f (.const:resourceDB)
                  00008d04    00000048     release_pem4f.oem4f (.const:.string)
                  00008d4c    00000048     release_pem4f.oem4f (.const:ROM_externFuncPtrs)
                  00008d94    00000028     drivers_cc13x2.a : UARTCC26XX.oem4f (.const:UARTCC26XX_fxnTable)
                  00008dbc    00000028     ti_drivers_config.obj (.const:uartCC26XXHWAttrs)
                  00008de4    00000024     drivers_cc13x2.a : UART.oem4f (.const:UART_defaultParams)
                  00008e08    00000024     release_pem4f.oem4f (.const:xdc_runtime_Startup_sfxnTab__A)
                  00008e2c    00000019     uartecho.obj (.const:.string:$P$T0$1)
                  00008e45    00000002     uartecho.obj (.const:.string:$P$T1$2)
                  00008e47    00000001     release_pem4f.oem4f (.const:xdc_runtime_Text_charTab__A)
                  00008e48    00000018     drivers_cc13x2.a : GPIOCC26XX.oem4f (.const:interruptType)
                  00008e60    00000014     ti_drivers_config.obj (.const:$P$T1$2)
                  00008e74    00000014     ti_drivers_config.obj (.const:GPIOCC26XX_config)
                  00008e88    00000014     ti_drivers_config.obj (.const:PowerCC26X2_config)
                  00008e9c    00000014     drivers_cc13x2.a : UARTCC26XX.oem4f (.const:parityType)
                  00008eb0    00000012     release_pem4f.oem4f (.const:xdc_runtime_Startup_sfxnRts__A)
                  00008ec2    00000002     uartecho.obj (.const:.string:$P$T2$3)
                  00008ec4    00000010     ti_drivers_config.obj (.const:BoardGpioInitTable)
                  00008ed4    00000010     drivers_cc13x2.a : UARTCC26XX.oem4f (.const:dataLength)
                  00008ee4    00000010                      : GPIOCC26XX.oem4f (.const:outPinTypes)
                  00008ef4    0000000c     ti_drivers_config.obj (.const:UART_config)
                  00008f00    0000000c     drivers_cc13x2.a : GPIOCC26XX.oem4f (.const:inPinTypes)
                  00008f0c    0000000c                      : GPIOCC26XX.oem4f (.const:outPinStrengths)
                  00008f18    0000000c     release_pem4f.oem4f (.const:xdc_runtime_Startup_firstFxns__A)
                  00008f24    00000008     driverlib.lib : aux_sysif.obj (.const:$O1$$)
                  00008f2c    00000008     ti_drivers_config.obj (.const:$P$T0$1)
                  00008f34    00000008     ti_drivers_config.obj (.const:PINCC26XX_hwAttrs)
                  00008f3c    00000008     drivers_cc13x2.a : UARTCC26XX.oem4f (.const:stopBits)
                  00008f44    00000008     release_pem4f.oem4f (.const:ti_sysbios_family_arm_m3_Hwi_excHookFuncs__A)
                  00008f4c    00000008     release_pem4f.oem4f (.const:ti_sysbios_knl_Idle_funcList__A)
                  00008f54    00000006     drivers_cc13x2.a : UARTCC26XX.oem4f (.const:.string:rxFifoBytes)
                  00008f5a    00000006                      : UARTCC26XX.oem4f (.const:.string:rxFifoThreshold)
                  00008f60    00000006                      : UARTCC26XX.oem4f (.const:.string:txFifoBytes)
                  00008f66    00000006                      : UARTCC26XX.oem4f (.const:.string:txFifoThreshold)
                  00008f6c    00000006     ti_drivers_config.obj (.const)
                  00008f72    00000002     uartecho.obj (.const:.string:$P$T3$4)
                  00008f74    00000004     release_pem4f.oem4f (.const:ti_sysbios_family_arm_m3_Hwi_E_exception__C)
                  00008f78    00000004     release_pem4f.oem4f (.const:ti_sysbios_heaps_HeapMem_primaryHeapBaseAddr__C)
                  00008f7c    00000004     release_pem4f.oem4f (.const:ti_sysbios_heaps_HeapMem_primaryHeapEndAddr__C)
                  00008f80    00000004     release_pem4f.oem4f (.const:ti_sysbios_knl_Clock_tickPeriod__C)
                  00008f84    00000004     release_pem4f.oem4f (.const:ti_sysbios_knl_Task_Object__heap__C)

MODULE SUMMARY

       Module                             code    ro data   rw data
       ------                             ----    -------   -------
    .\
       uartecho.obj                       2037    31        1036   
       main_tirtos.obj                    188     0         2048   
       led.obj                            78      0         0      
    +--+----------------------------------+-------+---------+---------+
       Total:                             2303    31        3084   
                                                                   
    .\syscfg\
       ti_drivers_config.obj              306     150       16868  
       ti_devices_config.obj              0       88        0      
    +--+----------------------------------+-------+---------+---------+
       Total:                             306     238       16868  
                                                                   
    C:\Users\cellium\workspace_v10\tirtos_builds_cc13x2_cc26x2_release_ccs\Debug\configPkg\package\cfg\
       release_pem4f.oem4f                792     1259      1802   
    +--+----------------------------------+-------+---------+---------+
       Total:                             792     1259      1802   
                                                                   
    C:/ti/simplelink_cc13x2_26x2_sdk_5_20_00_52/kernel/tirtos/packages/ti/dpl/lib/ccs/m4f/dpl_cc13x2.a
       PowerCC26X2_tirtos.oem4f           260     0         8      
       SemaphoreP_tirtos.oem4f            126     0         0      
       SwiP_tirtos.oem4f                  112     0         0      
       ClockP_tirtos.oem4f                106     0         0      
       HwiP_tirtos.oem4f                  86      0         0      
    +--+----------------------------------+-------+---------+---------+
       Total:                             690     0         8      
                                                                   
    C:/ti/simplelink_cc13x2_26x2_sdk_5_20_00_52/source/ti/devices/cc13x2_cc26x2/driverlib/bin/ccs/driverlib.lib
       sys_ctrl.obj                       420     0         0      
       osc.obj                            340     0         36     
       setup.obj                          324     0         0      
       chipinfo.obj                       270     0         0      
       prcm.obj                           160     0         0      
       aux_sysif.obj                      52      8         0      
       cpu.obj                            30      0         0      
       driverlib_release.obj              0       0         1      
    +--+----------------------------------+-------+---------+---------+
       Total:                             1596    8         37     
                                                                   
    C:/ti/simplelink_cc13x2_26x2_sdk_5_20_00_52/source/ti/drivers/lib/ccs/m4f/drivers_cc13x2.a
       UARTCC26XX.oem4f                   2760    108       0      
       PowerCC26X2.oem4f                  2060    84        368    
       PINCC26XX.oem4f                    1578    0         336    
       PowerCC26X2_calibrateRCOSC.oem4f   1400    0         0      
       GPIOCC26XX.oem4f                   660     64        61     
       UART.oem4f                         176     36        1      
       RingBuf.oem4f                      152     0         0      
       List.oem4f                         76      0         0      
    +--+----------------------------------+-------+---------+---------+
       Total:                             8862    292       766    
                                                                   
    C:\Users\cellium\workspace_v10\tirtos_builds_cc13x2_cc26x2_release_ccs\src\sysbios\rom_sysbios.aem4f
       rom_sysbios.obj                    1295    0         180    
    +--+----------------------------------+-------+---------+---------+
       Total:                             1295    0         180    
                                                                   
    C:\ti\ccs1040\ccs\tools\compiler\ti-cgt-arm_20.2.5.LTS\lib\rtsv7M4_T_le_v4SPD16_eabi.lib
       fd_add_t2.asm.obj                  438     0         0      
       fd_cmp_t2.asm.obj                  268     0         0      
       fd_mul_t2.asm.obj                  252     0         0      
       memcpy_t2.asm.obj                  156     0         0      
       ull_div_t2.asm.obj                 150     0         0      
       memset_t2.asm.obj                  122     0         0      
       copy_decompress_lzss.c.obj         104     0         0      
       cpy_tbl.c.obj                      76      0         0      
       fd_tou_t2.asm.obj                  68      0         0      
       strtok.c.obj                       64      0         4      
       u_divt2.asm.obj                    64      0         0      
       fs_tod_t2.asm.obj                  56      0         0      
       strspn.c.obj                       42      0         0      
       strcspn.c.obj                      36      0         0      
       _lock.c.obj                        26      0         8      
       u_tofd_t2.asm.obj                  32      0         0      
       args_main.c.obj                    24      0         0      
       ll_mul_t2.asm.obj                  24      0         0      
       strcmp.c.obj                       24      0         0      
       strcpy.c.obj                       20      0         0      
       copy_decompress_none.c.obj         14      0         0      
       copy_zero_init.c.obj               12      0         0      
       stkdepth_vars.c.obj                0       0         4      
       div0.asm.obj                       2       0         0      
    +--+----------------------------------+-------+---------+---------+
       Total:                             2074    0         16     
                                                                   
    C:\ti\simplelink_cc13x2_26x2_sdk_5_20_00_52\kernel\tirtos\packages\ti\targets\arm\rtsarm\lib\auto_init.aem4f
       auto_init.oem4f                    160     0         0      
    +--+----------------------------------+-------+---------+---------+
       Total:                             160     0         0      
                                                                   
    C:\ti\simplelink_cc13x2_26x2_sdk_5_20_00_52\kernel\tirtos\packages\ti\targets\arm\rtsarm\lib\boot.aem4f
       boot.oem4f                         88      0         0      
    +--+----------------------------------+-------+---------+---------+
       Total:                             88      0         0      
                                                                   
       Stack:                             0       0         1024   
       Linker Generated:                  448     466       0      
    +--+----------------------------------+-------+---------+---------+
       Grand Total:                       18614   2294      23785  


LINKER GENERATED COPY TABLES

__TI_cinit_table @ 00009138 records: 5, size/record: 8, table size: 40
	.data: load addr=00008f88, load size=0000017e bytes, run addr=20004f58, run size=000009c4 bytes, compression=lzss
	.bss: load addr=00009118, load size=00000008 bytes, run addr=20004110, run size=00000e41 bytes, compression=zero_init
	.data:xdcRomConstPtr: load addr=00009120, load size=00000008 bytes, run addr=20000100, run size=00000004 bytes, compression=lzss
	.data:xdcRomExternFuncPtr: load addr=00009128, load size=00000008 bytes, run addr=20000104, run size=00000004 bytes, compression=lzss
	.data:xdcRomStatePtr: load addr=00009130, load size=00000008 bytes, run addr=20000108, run size=00000004 bytes, compression=lzss


LINKER GENERATED HANDLER TABLE

__TI_handler_table @ 00009108 records: 3, size/record: 4, table size: 12
	index: 0, handler: __TI_decompress_lzss
	index: 1, handler: __TI_decompress_none
	index: 2, handler: __TI_zero_init


FAR CALL TRAMPOLINES

callee name               trampoline name
   callee addr  tramp addr   call addr  call info
--------------  -----------  ---------  ----------------
xdc_runtime_System_printf__E  $Tramp$TT$L$PI$$xdc_runtime_System_printf__E
   1002f7e9     00000668     00000052   uartecho.obj (.text:cliThread)
xdc_runtime_SysCallback_flush__E  $Tramp$TT$L$PI$$xdc_runtime_SysCallback_flush__E
   1002f86d     00000670     00000056   uartecho.obj (.text:cliThread)
ti_sysbios_knl_Semaphore_pend__E  $Tramp$TT$L$PI$$ti_sysbios_knl_Semaphore_pend__E
   1002bfb1     00000678     00000120   uartecho.obj (.text:cliThread)
                             00007d80   uartecho.obj (.text:uart_read_string)
                             00007db4   uartecho.obj (.text:uart_write_string)
                             00008608   dpl_cc13x2.a : SemaphoreP_tirtos.oem4f (.text:SemaphoreP_pend)
ti_sysbios_knl_Semaphore_post__E  $Tramp$TT$L$PI$$ti_sysbios_knl_Semaphore_post__E
   1002cd21     00000680     00000146   uartecho.obj (.text:cliThread)
                             00007d96   uartecho.obj (.text:uart_read_string)
                             00007dca   uartecho.obj (.text:uart_write_string)
                             0000876e   dpl_cc13x2.a : SemaphoreP_tirtos.oem4f (.text:SemaphoreP_post)
strlen                    $Tramp$TT$L$PI$$strlen
   1002fddb     00000688     000002ce   uartecho.obj (.text:cliThread)
                             00000478   uartecho.obj (.text:cliThread)
                             00006bfa   uartecho.obj (.text:convertStrUint)
ti_sysbios_knl_Task_sleep__E  $Tramp$TT$L$PI$$ti_sysbios_knl_Task_sleep__E
   1002ce01     00000690     000005c2   uartecho.obj (.text:cliThread)
                             0000789a   led.obj (.text:ledThread)
                             000078b6   led.obj (.text:ledThread)
xdc_runtime_System_doPrint__I  $Tramp$TT$L$PI$$xdc_runtime_System_doPrint__I
   1002ecf1     00001080     00000f42   release_pem4f.oem4f (.text:xdc_runtime_System_printfExtend__I)
ti_sysbios_family_arm_m3_Hwi_restoreFxn__E  $Tramp$TT$L$PI$$ti_sysbios_family_arm_m3_Hwi_restoreFxn__E
   1002ec47     00001360     00001212   drivers_cc13x2.a : UARTCC26XX.oem4f (.text:UARTCC26XX_open)
                             0000121e                    : UARTCC26XX.oem4f (.text:UARTCC26XX_open)
                             000012a8                    : UARTCC26XX.oem4f (.text:UARTCC26XX_open)
                             000014fc                    : UARTCC26XX.oem4f (.text:UARTCC26XX_read)
                             00001558                    : UARTCC26XX.oem4f (.text:UARTCC26XX_read)
                             00001580                    : UARTCC26XX.oem4f (.text:UARTCC26XX_read)
                             00001592                    : UARTCC26XX.oem4f (.text:UARTCC26XX_read)
                             000015dc                    : UARTCC26XX.oem4f (.text:UARTCC26XX_read)
                             000015ec                    : UARTCC26XX.oem4f (.text:UARTCC26XX_read)
                             000017ae                    : PINCC26XX.oem4f (.text:PINCC26XX_setIoCfg)
                             000017f4                    : PINCC26XX.oem4f (.text:PINCC26XX_setIoCfg)
                             0000189e                    : GPIOCC26XX.oem4f (.text:GPIO_setConfig)
                             000018ce                    : GPIOCC26XX.oem4f (.text:GPIO_setConfig)
                             00001b4c                    : UARTCC26XX.oem4f (.text:UARTCC26XX_write)
                             00001b6e                    : UARTCC26XX.oem4f (.text:UARTCC26XX_write)
                             00001bc4                    : UARTCC26XX.oem4f (.text:UARTCC26XX_write)
                             00001d02                    : GPIOCC26XX.oem4f (.text:GPIO_init)
                             00001d08                    : GPIOCC26XX.oem4f (.text:GPIO_init)
                             00001e4c                    : PowerCC26X2.oem4f (.text:Power_releaseDependency)
                             00001fc6                    : PowerCC26X2.oem4f (.text:Power_setDependency)
                             000063f8                    : UARTCC26XX.oem4f (.text:writeTxFifoFlush)
                             00006536                    : UARTCC26XX.oem4f (.text:UARTCC26XX_writeCancel)
                             0000654c                    : UARTCC26XX.oem4f (.text:UARTCC26XX_writeCancel)
                             00006580                    : UARTCC26XX.oem4f (.text:UARTCC26XX_writeCancel)
                             000070be                    : UARTCC26XX.oem4f (.text:UARTCC26XX_control)
                             00007192                    : GPIOCC26XX.oem4f (.text:GPIO_write)
                             00007336                    : PowerCC26X2_calibrateRCOSC.oem4f (.text:PowerCC26X2_initiateCalibration)
                             000075d6                    : UARTCC26XX.oem4f (.text:UARTCC26XX_readCancel)
                             000075ea                    : UARTCC26XX.oem4f (.text:UARTCC26XX_readCancel)
                             0000767a                    : PINCC26XX.oem4f (.text:PIN_setOutputEnable)
                             000076f6                    : PowerCC26X2.oem4f (.text:switchXOSCHF)
                             0000777c                    : RingBuf.oem4f (.text:RingBuf_put)
                             000077a6                    : RingBuf.oem4f (.text:RingBuf_put)
                             0000786a                    : UART.oem4f (.text:UART_init)
                             000079f2                    : RingBuf.oem4f (.text:RingBuf_get)
                             000079fa                    : RingBuf.oem4f (.text:RingBuf_get)
                             00007ec0                    : PowerCC26X2.oem4f (.text:Power_releaseConstraint)
                             00007ef0                    : PowerCC26X2.oem4f (.text:Power_setConstraint)
                             00008108                    : List.oem4f (.text:List_put)
                             0000812e                    : List.oem4f (.text:List_remove)
                             00008284                    : PowerCC26X2.oem4f (.text:Power_unregisterNotify)
                             000082ca                    : UARTCC26XX.oem4f (.text:threadSafeStdbyDisRelease)
                             000082ea                    : UARTCC26XX.oem4f (.text:threadSafeStdbyDisSet)
ti_sysbios_knl_Clock_setTimeout__E  $Tramp$TT$L$PI$$ti_sysbios_knl_Clock_setTimeout__E
   1002ecc3     00001cd0     00001c54   dpl_cc13x2.a : PowerCC26X2_tirtos.oem4f (.text:PowerCC26XX_standbyPolicy)
                             00008756                : ClockP_tirtos.oem4f (.text:ClockP_setTimeout)
ti_sysbios_knl_Clock_start__E  $Tramp$TT$L$PI$$ti_sysbios_knl_Clock_start__E
   1002e9e7     00001cd8     00001c5a   dpl_cc13x2.a : PowerCC26X2_tirtos.oem4f (.text:PowerCC26XX_standbyPolicy)
                             0000875a                : ClockP_tirtos.oem4f (.text:ClockP_start)
ti_sysbios_knl_Clock_stop__E  $Tramp$TT$L$PI$$ti_sysbios_knl_Clock_stop__E
   1002e2c5     00001ce0     00001c6e   dpl_cc13x2.a : PowerCC26X2_tirtos.oem4f (.text:PowerCC26XX_standbyPolicy)
                             0000875e                : ClockP_tirtos.oem4f (.text:ClockP_stop)
ti_sysbios_knl_Swi_destruct  $Tramp$TT$L$PI$$ti_sysbios_knl_Swi_destruct
   1002e8bd     00008790     00008772   dpl_cc13x2.a : SwiP_tirtos.oem4f (.text:SwiP_destruct)
ti_sysbios_family_arm_m3_Hwi_disableFxn__E  $Tramp$TT$L$PI$$ti_sysbios_family_arm_m3_Hwi_disableFxn__E
   1002eb55     00008798     00008766   dpl_cc13x2.a : HwiP_tirtos.oem4f (.text:HwiP_disable)
ti_sysbios_family_arm_m3_Hwi_destruct  $Tramp$TT$L$PI$$ti_sysbios_family_arm_m3_Hwi_destruct
   1002e475     000087a0     00008762   dpl_cc13x2.a : HwiP_tirtos.oem4f (.text:HwiP_destruct)
ti_sysbios_BIOS_getCpuFreq__E  $Tramp$TT$L$PI$$ti_sysbios_BIOS_getCpuFreq__E
   1002e9fd     000087a8     00008752   dpl_cc13x2.a : ClockP_tirtos.oem4f (.text:ClockP_getCpuFreq)
ti_sysbios_knl_Clock_destruct  $Tramp$TT$L$PI$$ti_sysbios_knl_Clock_destruct
   1002e649     000087b0     0000874e   dpl_cc13x2.a : ClockP_tirtos.oem4f (.text:ClockP_destruct)
ti_sysbios_knl_Semaphore_delete  $Tramp$TT$L$PI$$ti_sysbios_knl_Semaphore_delete
   1002ecdb     000087b8     000086b2   dpl_cc13x2.a : SemaphoreP_tirtos.oem4f (.text:SemaphoreP_delete)
ti_sysbios_knl_Clock_logTick__E  $Tramp$TT$L$PI$$ti_sysbios_knl_Clock_logTick__E
   1002dbd7     000087c0     000085e2   release_pem4f.oem4f (.text:ti_sysbios_knl_Clock_doTick__I)
ti_sysbios_knl_Task_Params__init__S  $Tramp$TT$L$PI$$ti_sysbios_knl_Task_Params__init__S
   1002ec09     000087c8     00008576   main_tirtos.obj (.text:ti_sysbios_knl_Task_Params_init)
ti_sysbios_knl_Swi_post__E  $Tramp$TT$L$PI$$ti_sysbios_knl_Swi_post__E
   1002d891     000087d0     00008508   rom_sysbios.aem4f : rom_sysbios.obj (.text:ti_sysbios_knl_Swi_or__E)
                             000085ea   release_pem4f.oem4f (.text:ti_sysbios_knl_Clock_doTick__I)
ti_sysbios_BIOS_RtsGateProxy_leave__E  $Tramp$TT$L$PI$$ti_sysbios_BIOS_RtsGateProxy_leave__E
   1002ec7b     000087d8     000084ea   release_pem4f.oem4f (.text:ti_sysbios_BIOS_rtsUnlock__I)
ti_sysbios_knl_Swi_construct  $Tramp$TT$L$PI$$ti_sysbios_knl_Swi_construct
   1002d719     000087e0     000083e6   rom_sysbios.aem4f : rom_sysbios.obj (.text:ti_sysbios_knl_Swi_construct2__E)
ti_sysbios_knl_Swi_restore__E  $Tramp$TT$L$PI$$ti_sysbios_knl_Swi_restore__E
   1002db61     000087e8     000083ca   dpl_cc13x2.a : PowerCC26X2_tirtos.oem4f (.text:PowerCC26XX_schedulerRestore)
ti_sysbios_BIOS_RtsGateProxy_enter__E  $Tramp$TT$L$PI$$ti_sysbios_BIOS_RtsGateProxy_enter__E
   1002ec77     000087f0     000082f6   release_pem4f.oem4f (.text:ti_sysbios_BIOS_rtsLock__I)
ti_sysbios_knl_Task_restore__E  $Tramp$TT$L$PI$$ti_sysbios_knl_Task_restore__E
   1002df45     000087f8     00008168   rom_sysbios.aem4f : rom_sysbios.obj (.text:_pthread_cleanupFxn)
                             000083d2   dpl_cc13x2.a : PowerCC26X2_tirtos.oem4f (.text:PowerCC26XX_schedulerRestore)
ti_sysbios_knl_Clock_TimerProxy_getCurrentTick__E  $Tramp$TT$L$PI$$ti_sysbios_knl_Clock_TimerProxy_getCurrentTick__E
   1002eac5     00008800     00008052   rom_sysbios.aem4f : rom_sysbios.obj (.text:ti_sysbios_knl_Clock_getTicksUntilInterrupt__E)
xdc_runtime_Memory_free__E  $Tramp$TT$L$PI$$xdc_runtime_Memory_free__E
   1002f81d     00008808     00008034   rom_sysbios.aem4f : rom_sysbios.obj (.text:_pthread_delete$45)
ti_sysbios_knl_Task_delete  $Tramp$TT$L$PI$$ti_sysbios_knl_Task_delete
   1002ece7     00008810     00008028   rom_sysbios.aem4f : rom_sysbios.obj (.text:_pthread_delete$45)
ti_sysbios_knl_Semaphore_destruct  $Tramp$TT$L$PI$$ti_sysbios_knl_Semaphore_destruct
   1002e6fd     00008818     0000801c   rom_sysbios.aem4f : rom_sysbios.obj (.text:_pthread_delete$45)
                             0000876a   dpl_cc13x2.a : SemaphoreP_tirtos.oem4f (.text:SemaphoreP_destruct)
ti_sysbios_knl_Semaphore_construct  $Tramp$TT$L$PI$$ti_sysbios_knl_Semaphore_construct
   1002ddc1     00008820     00007fde   dpl_cc13x2.a : SemaphoreP_tirtos.oem4f (.text:SemaphoreP_constructBinary)
ti_sysbios_knl_Semaphore_Params__init__S  $Tramp$TT$L$PI$$ti_sysbios_knl_Semaphore_Params__init__S
   1002ebe5     00008828     00007fce   dpl_cc13x2.a : SemaphoreP_tirtos.oem4f (.text:SemaphoreP_constructBinary)
                             00007ff8                : SemaphoreP_tirtos.oem4f (.text:SemaphoreP_createBinary)
                             00008560   main_tirtos.obj (.text:ti_sysbios_knl_Semaphore_Params_init)
ti_sysbios_knl_Task_startup__E  $Tramp$TT$L$PI$$ti_sysbios_knl_Task_startup__E
   1002eceb     00008830     00007f50   release_pem4f.oem4f (.text:ti_sysbios_BIOS_startFunc__I)
ti_sysbios_knl_Swi_startup__E  $Tramp$TT$L$PI$$ti_sysbios_knl_Swi_startup__E
   1002ec6b     00008838     00007f4c   release_pem4f.oem4f (.text:ti_sysbios_BIOS_startFunc__I)
ti_sysbios_hal_Hwi_startup__E  $Tramp$TT$L$PI$$ti_sysbios_hal_Hwi_startup__E
   1002ec31     00008840     00007f48   release_pem4f.oem4f (.text:ti_sysbios_BIOS_startFunc__I)
ti_sysbios_family_arm_cc26xx_Timer_startup__E  $Tramp$TT$L$PI$$ti_sysbios_family_arm_cc26xx_Timer_startup__E
   1002dcf1     00008848     00007f44   release_pem4f.oem4f (.text:ti_sysbios_BIOS_startFunc__I)
xdc_runtime_System_atexit__E  $Tramp$TT$L$PI$$xdc_runtime_System_atexit__E
   1002f559     00008850     00007f3c   release_pem4f.oem4f (.text:ti_sysbios_BIOS_startFunc__I)
ti_sysbios_BIOS_linkedWithIncorrectBootLibrary__E  $Tramp$TT$L$PI$$ti_sysbios_BIOS_linkedWithIncorrectBootLibrary__E
   1002d01b     00008858     00007f36   release_pem4f.oem4f (.text:ti_sysbios_BIOS_startFunc__I)
xdc_runtime_Startup_rtsDone__E  $Tramp$TT$L$PI$$xdc_runtime_Startup_rtsDone__E
   1002f8e5     00008860     00007f2e   release_pem4f.oem4f (.text:ti_sysbios_BIOS_startFunc__I)
ti_sysbios_knl_Task_disable__E  $Tramp$TT$L$PI$$ti_sysbios_knl_Task_disable__E
   1002ea4d     00008868     00007f02   release_pem4f.oem4f (.text:ti_sysbios_BIOS_atExitFunc__I)
                             0000815a   rom_sysbios.aem4f : rom_sysbios.obj (.text:_pthread_cleanupFxn)
                             000083aa   dpl_cc13x2.a : PowerCC26X2_tirtos.oem4f (.text:PowerCC26XX_schedulerDisable)
ti_sysbios_knl_Swi_disable__E  $Tramp$TT$L$PI$$ti_sysbios_knl_Swi_disable__E
   1002ea25     00008870     00007efe   release_pem4f.oem4f (.text:ti_sysbios_BIOS_atExitFunc__I)
                             000083b2   dpl_cc13x2.a : PowerCC26X2_tirtos.oem4f (.text:PowerCC26XX_schedulerDisable)
ti_sysbios_family_arm_m3_Hwi_construct  $Tramp$TT$L$PI$$ti_sysbios_family_arm_m3_Hwi_construct
   1002d421     00008878     00007b9a   rom_sysbios.aem4f : rom_sysbios.obj (.text:ti_sysbios_family_arm_m3_Hwi_construct2__E)
ti_sysbios_family_arm_m3_Hwi_Params__init__S  $Tramp$TT$L$PI$$ti_sysbios_family_arm_m3_Hwi_Params__init__S
   1002eb49     00008880     00007b20   dpl_cc13x2.a : HwiP_tirtos.oem4f (.text:HwiP_construct)
ti_sysbios_knl_Clock_construct  $Tramp$TT$L$PI$$ti_sysbios_knl_Clock_construct
   1002dd8d     00008888     0000797a   dpl_cc13x2.a : ClockP_tirtos.oem4f (.text:ClockP_construct)
ti_sysbios_knl_Clock_Params__init__S  $Tramp$TT$L$PI$$ti_sysbios_knl_Clock_Params__init__S
   1002eb9d     00008890     00007960   dpl_cc13x2.a : ClockP_tirtos.oem4f (.text:ClockP_construct)
ti_sysbios_knl_Swi_Params__init__S  $Tramp$TT$L$PI$$ti_sysbios_knl_Swi_Params__init__S
   1002ebf1     00008898     000074ee   dpl_cc13x2.a : SwiP_tirtos.oem4f (.text:SwiP_construct)
ti_sysbios_heaps_HeapMem_Module_GateProxy_leave__E  $Tramp$TT$L$PI$$ti_sysbios_heaps_HeapMem_Module_GateProxy_leave__E
   1002ecaf     000088a0     0000743e   rom_sysbios.aem4f : rom_sysbios.obj (.text:ti_sysbios_heaps_HeapMem_alloc__E)
ti_sysbios_heaps_HeapMem_Module_GateProxy_enter__E  $Tramp$TT$L$PI$$ti_sysbios_heaps_HeapMem_Module_GateProxy_enter__E
   1002ecab     000088a8     00007428   rom_sysbios.aem4f : rom_sysbios.obj (.text:ti_sysbios_heaps_HeapMem_alloc__E)
xdc_runtime_System_exit__E  $Tramp$TT$L$PI$$xdc_runtime_System_exit__E
   1002f7b1     000088b0     000073a8   boot.aem4f : boot.oem4f (.text)
                             0000854a   release_pem4f.oem4f (.text:ti_sysbios_BIOS_exitFunc__I)
ti_sysbios_heaps_HeapMem_restore__E  $Tramp$TT$L$PI$$ti_sysbios_heaps_HeapMem_restore__E
   1002eb13     000088b8     0000729c   rom_sysbios.aem4f : rom_sysbios.obj (.text:ti_sysbios_heaps_HeapMem_initPrimary__I)
ti_sysbios_heaps_HeapMem_Object__get__S  $Tramp$TT$L$PI$$ti_sysbios_heaps_HeapMem_Object__get__S
   1002e275     000088c0     0000726c   rom_sysbios.aem4f : rom_sysbios.obj (.text:ti_sysbios_heaps_HeapMem_initPrimary__I)
xdc_runtime_Error_raiseX__E  $Tramp$TT$L$PI$$xdc_runtime_Error_raiseX__E
   1002f739     000088c8     00006aca   rom_sysbios.aem4f : rom_sysbios.obj (.text:ti_sysbios_family_arm_m3_Hwi_excHandlerMin__I)
                             00007458                     : rom_sysbios.obj (.text:ti_sysbios_heaps_HeapMem_alloc__E)
ti_sysbios_BIOS_setThreadType__E  $Tramp$TT$L$PI$$ti_sysbios_BIOS_setThreadType__E
   1002ea11     000088d0     00006a8a   rom_sysbios.aem4f : rom_sysbios.obj (.text:ti_sysbios_family_arm_m3_Hwi_excHandlerMin__I)
                             00007f08   release_pem4f.oem4f (.text:ti_sysbios_BIOS_atExitFunc__I)
                             00008544   release_pem4f.oem4f (.text:ti_sysbios_BIOS_exitFunc__I)
ti_sysbios_family_arm_m3_Hwi_excFillContext__I  $Tramp$TT$L$PI$$ti_sysbios_family_arm_m3_Hwi_excFillContext__I
   1002bda9     000088d8     00006a84   rom_sysbios.aem4f : rom_sysbios.obj (.text:ti_sysbios_family_arm_m3_Hwi_excHandlerMin__I)
ti_sysbios_BIOS_start__E  $Tramp$TT$L$PI$$ti_sysbios_BIOS_start__E
   1002eaa5     000088e0     00006618   main_tirtos.obj (.text:main)
ti_sysbios_knl_Task_construct  $Tramp$TT$L$PI$$ti_sysbios_knl_Task_construct
   1002d5d9     000088e8     00006608   main_tirtos.obj (.text:main)
                             00006614   main_tirtos.obj (.text:main)
ti_sysbios_knl_Semaphore_create  $Tramp$TT$L$PI$$ti_sysbios_knl_Semaphore_create
   1002dc49     000088f0     000065c0   main_tirtos.obj (.text:main)
                             00008008   dpl_cc13x2.a : SemaphoreP_tirtos.oem4f (.text:SemaphoreP_createBinary)

[56 trampolines]
[125 trampoline calls]


GLOBAL SYMBOLS: SORTED ALPHABETICALLY BY Name 

address   name                                                               
-------   ----                                                               
00008ec4  BoardGpioInitTable                                                 
00008231  Board_init                                                         
00000a43  Board_initHook                                                     
00006961  Board_sendExtFlashByte                                             
00007905  Board_shutDownExtFlash                                             
00007519  Board_wakeUpExtFlash                                               
00008f6c  CONFIG_GPIO_LED_0_CONST                                            
00008f6d  CONFIG_NVS0_CONST                                                  
00008f6e  CONFIG_NVS_RAM_CONST                                               
00008f70  CONFIG_UART_0_CONST                                                
000086e9  ClockP_Params_init                                                 
00007945  ClockP_construct                                                   
0000874f  ClockP_destruct                                                    
00008753  ClockP_getCpuFreq                                                  
00008665  ClockP_getSystemTickPeriod                                         
1002dc11  ClockP_getSystemTicks                                              
00008757  ClockP_setTimeout                                                  
0000875b  ClockP_start                                                       
0000875f  ClockP_stop                                                        
00008e74  GPIOCC26XX_config                                                  
00007e0d  GPIO_hwiIntFxn                                                     
00001ce9  GPIO_init                                                          
00007e3d  GPIO_setCallback                                                   
0000182d  GPIO_setConfig                                                     
00007141  GPIO_write                                                         
00004000  HEAPSIZE                                                           
00008619  HwiP_Params_init                                                   
00007b05  HwiP_construct                                                     
00008763  HwiP_destruct                                                      
00008767  HwiP_disable                                                       
1002ec47  HwiP_restore                                                       
UNDEFED   ITM_flush                                                          
UNDEFED   ITM_restore                                                        
000080e9  List_put                                                           
0000810f  List_remove                                                        
00007cd5  NOROM_AUXSYSIFOpModeChange                                         
00008671  NOROM_CPUcpsid                                                     
0000867d  NOROM_CPUcpsie                                                     
00008733  NOROM_CPUdelay                                                     
00001fe5  NOROM_ChipInfo_GetChipFamily                                       
00006aed  NOROM_ChipInfo_GetChipType                                         
000077b1  NOROM_ChipInfo_GetHwRevision                                       
00008435  NOROM_ChipInfo_GetPackageType                                      
00006635  NOROM_OSCHF_AttemptToSwitchToXosc                                  
00006fa9  NOROM_OSCHF_SwitchToRcOscTurnOffXosc                               
00008135  NOROM_OSCHF_TurnOnXosc                                             
00007985  NOROM_OSC_HPOSCRelativeFrequencyOffsetGet                          
00007471  NOROM_PRCMPowerDomainsAllOff                                       
00007565  NOROM_PRCMPowerDomainsAllOn                                        
0000634d  NOROM_SetupTrimDevice                                              
00007d09  NOROM_SysCtrlIdle                                                  
00006b6d  NOROM_SysCtrlSetRechargeBeforePowerDown                            
00001a39  NOROM_SysCtrlStandby                                               
00008525  NOROM_ThisLibraryIsFor_CC13x2_CC26x2_HwRev20AndLater_HaltIfViolated
00008f6f  NVS_count                                                          
0000857d  PINCC26XX_getPinCount                                              
00008f34  PINCC26XX_hwAttrs                                                  
00007e6d  PINCC26XX_setMux                                                   
00006ec9  PIN_add                                                            
00008351  PIN_close                                                          
00000699  PIN_init                                                           
000060b9  PIN_open                                                           
00008689  PIN_registerIntCb                                                  
000071a1  PIN_remove                                                         
00007bbd  PIN_setConfig                                                      
00007649  PIN_setOutputEnable                                                
00007b45  PIN_setOutputValue                                                 
00007691  PowerCC26X2_RCOSC_clockFunc                                        
00006e55  PowerCC26X2_auxISR                                                 
00008591  PowerCC26X2_calibrate                                              
00008e88  PowerCC26X2_config                                                 
00007311  PowerCC26X2_initiateCalibration                                    
20005358  PowerCC26X2_module                                                 
00008419  PowerCC26XX_calibrate                                              
000083a9  PowerCC26XX_schedulerDisable                                       
000083c5  PowerCC26XX_schedulerRestore                                       
00001c09  PowerCC26XX_standbyPolicy                                          
20004f44  PowerCC26XX_swiKey                                                 
20004f48  PowerCC26XX_taskKey                                                
00008695  Power_getConstraintMask                                            
000086a1  Power_getDependencyCount                                           
0000836f  Power_getTransitionLatency                                         
0000844d  Power_idleFunc                                                     
00001089  Power_init                                                         
00008099  Power_registerNotify                                               
00007e9d  Power_releaseConstraint                                            
00001dad  Power_releaseDependency                                            
00007ecd  Power_setConstraint                                                
00001f2d  Power_setDependency                                                
00000a45  Power_sleep                                                        
00008271  Power_unregisterNotify                                             
000088f8  ROM_constStruct                                                    
00008d4c  ROM_externFuncPtrs                                                 
200054c8  ROM_stateStruct                                                    
00007369  ResetISR                                                           
000085f5  RingBuf_construct                                                  
000079c5  RingBuf_get                                                        
00007769  RingBuf_put                                                        
UNDEFED   SHT$$INIT_ARRAY$$Base                                              
UNDEFED   SHT$$INIT_ARRAY$$Limit                                             
00007fbd  SemaphoreP_constructBinary                                         
00007fe9  SemaphoreP_createBinary                                            
000086ad  SemaphoreP_delete                                                  
0000876b  SemaphoreP_destruct                                                
00008607  SemaphoreP_pend                                                    
0000876f  SemaphoreP_post                                                    
00008629  SwiP_Params_init                                                   
000074c5  SwiP_construct                                                     
00008773  SwiP_destruct                                                      
00008777  SwiP_getTrigger                                                    
0000877b  SwiP_or                                                            
1002db61  SwiP_restore                                                       
000069e5  UARTCC26XX_close                                                   
00007079  UARTCC26XX_control                                                 
00008d94  UARTCC26XX_fxnTable                                                
00001369  UARTCC26XX_hwiIntFxn                                               
0000871b  UARTCC26XX_init                                                    
000011fd  UARTCC26XX_open                                                    
000014bd  UARTCC26XX_read                                                    
000075b1  UARTCC26XX_readCancel                                              
00008739  UARTCC26XX_readPolling                                             
000070dd  UARTCC26XX_swiIntFxn                                               
00001b29  UARTCC26XX_write                                                   
00006513  UARTCC26XX_writeCancel                                             
0000873f  UARTCC26XX_writePolling                                            
00008465  UART_Params_init                                                   
00008ef4  UART_config                                                        
00008f71  UART_count                                                         
00008de4  UART_defaultParams                                                 
00007839  UART_init                                                          
[...]
1002eb3d  ti_sysbios_family_arm_cc26xx_TimestampProvider_getFreq__E          
1002eb3d  xdc_runtime_Timestamp_SupportProxy_getFreq__E                      
1002eb3d  xdc_runtime_Timestamp_SupportProxy_getFreq__E                      
1002eb3d  xdc_runtime_Timestamp_getFreq__E                                   
1002eb3d  xdc_runtime_Timestamp_getFreq__E                                   
1002eb49  ti_sysbios_family_arm_m3_Hwi_Params__init__S                       
1002eb49  ti_sysbios_hal_Hwi_HwiProxy_Params__init__S                        
1002eb55  ti_sysbios_family_arm_m3_Hwi_disableFxn__E                         
1002eb61  ti_sysbios_family_arm_m3_Hwi_enableFxn__E                          
1002eb6d  ti_sysbios_gates_GateHwi_enter__E                                  
1002eb79  ti_sysbios_BIOS_RtsGateProxy_Params__init__S                       
1002eb79  ti_sysbios_gates_GateMutex_Params__init__S                         
1002eb79  ti_sysbios_heaps_HeapMem_Module_GateProxy_Params__init__S          
1002eb85  ti_sysbios_heaps_HeapTrack_Params__init__S                         
1002eb91  ti_sysbios_heaps_HeapTrack_isBlocking__E                           
1002eb9d  ti_sysbios_knl_Clock_Params__init__S                               
1002eba9  ti_sysbios_knl_Clock_getTimerHandle__E                             
1002ebb5  ti_sysbios_knl_Event_Params__init__S                               
1002ebc1  ti_sysbios_knl_Mailbox_Params__init__S                             
1002ebcd  ti_sysbios_knl_Queue_dequeue__E                                    
1002ebd9  ti_sysbios_knl_Queue_enqueue__E                                    
1002ebe5  ti_sysbios_knl_Semaphore_Params__init__S                           
1002ebf1  ti_sysbios_knl_Swi_Params__init__S                                 
1002ebfd  ti_sysbios_knl_Swi_self__E                                         
1002ec09  ti_sysbios_knl_Task_Params__init__S                                
1002ec15  ti_sysbios_hal_Hwi_Instance_finalize__E                            
1002ec1f  ti_sysbios_knl_Event_Instance_init__E                              
1002ec29  ti_sysbios_family_arm_m3_Hwi_doSwiRestore__I                       
1002ec31  ti_sysbios_family_arm_m3_Hwi_startup__E                            
1002ec31  ti_sysbios_hal_Hwi_HwiProxy_startup__E                             
1002ec31  ti_sysbios_hal_Hwi_HwiProxy_startup__E                             
1002ec31  ti_sysbios_hal_Hwi_startup__E                                      
1002ec31  ti_sysbios_hal_Hwi_startup__E                                      
1002ec39  ti_sysbios_knl_Idle_loop__E                                        
1002ec41  ti_sysbios_family_arm_m3_Hwi_doTaskRestore__I                      
1002ec47  HwiP_restore                                                       
1002ec47  ti_sysbios_family_arm_m3_Hwi_restoreFxn__E                         
1002ec4d  ti_sysbios_gates_GateHwi_leave__E                                  
1002ec53  ti_sysbios_gates_GateMutex_Instance_finalize__E                    
1002ec59  ti_sysbios_heaps_HeapMem_isBlocking__E                             
1002ec5f  ti_sysbios_knl_Queue_Instance_init__E                              
1002ec65  ti_sysbios_knl_Queue_elemClear__E                                  
1002ec6b  ti_sysbios_knl_Swi_startup__E                                      
1002ec71  ti_sysbios_knl_Task_enable__E                                      
1002ec77  ti_sysbios_BIOS_RtsGateProxy_enter__E                              
1002ec7b  ti_sysbios_BIOS_RtsGateProxy_leave__E                              
1002ec7f  ti_sysbios_family_arm_cc26xx_Timer_getExpiredTicks__E              
1002ec83  ti_sysbios_family_arm_cc26xx_Timer_getPeriod__E                    
1002ec87  ti_sysbios_family_arm_cc26xx_Timer_setPeriod__E                    
1002ec8b  ti_sysbios_family_arm_m3_Hwi_delete                                
1002ec8f  ti_sysbios_family_arm_m3_TaskSupport_Module__startupDone__S        
1002ec8f  ti_sysbios_knl_Task_SupportProxy_Module__startupDone__S            
1002ec93  ti_sysbios_gates_GateHwi_query__E                                  
1002ec93  xdc_runtime_Main_Module_GateProxy_query__E                         
1002ec93  xdc_runtime_System_Module_GateProxy_query__E                       
1002ec93  xdc_runtime_System_Module_GateProxy_query__E                       
1002ec97  ti_sysbios_gates_GateMutex_delete                                  
1002ec9b  ti_sysbios_BIOS_RtsGateProxy_query__E                              
1002ec9b  ti_sysbios_BIOS_RtsGateProxy_query__E                              
1002ec9b  ti_sysbios_gates_GateMutex_query__E                                
1002ec9b  ti_sysbios_heaps_HeapMem_Module_GateProxy_query__E                 
1002ec9b  ti_sysbios_heaps_HeapMem_Module_GateProxy_query__E                 
1002ec9f  ti_sysbios_hal_Hwi_HwiProxy_create                                 
1002eca3  ti_sysbios_hal_Hwi_HwiProxy_delete                                 
1002eca7  ti_sysbios_hal_Hwi_delete                                          
1002ecab  ti_sysbios_heaps_HeapMem_Module_GateProxy_enter__E                 
1002ecaf  ti_sysbios_heaps_HeapMem_Module_GateProxy_leave__E                 
1002ecb3  ti_sysbios_knl_Clock_TimerProxy_getExpiredTicks__E                 
1002ecb7  ti_sysbios_knl_Clock_TimerProxy_getPeriod__E                       
1002ecbb  ti_sysbios_knl_Clock_delete                                        
1002ecbf  ti_sysbios_knl_Clock_removeI__E                                    
1002ecc3  ti_sysbios_knl_Clock_setTimeout__E                                 
1002ecc7  ti_sysbios_knl_Event_delete                                        
1002eccb  ti_sysbios_knl_Mailbox_delete                                      
1002eccf  ti_sysbios_knl_Queue_delete                                        
1002ecd3  ti_sysbios_knl_Queue_head__E                                       
1002ecd7  ti_sysbios_knl_Queue_next__E                                       
1002ecdb  ti_sysbios_knl_Semaphore_delete                                    
1002ecdf  ti_sysbios_knl_Swi_delete                                          
1002ece3  ti_sysbios_knl_Swi_postInit__I                                     
1002ece7  ti_sysbios_knl_Task_delete                                         
1002eceb  ti_sysbios_knl_Task_startup__E                                     
1002ecf1  xdc_runtime_System_doPrint__I                                      
1002f055  xdc_runtime_Startup_startMods__I                                   
1002f15d  xdc_runtime_Text_putSite__E                                        
1002f1f7  xdc_runtime_Error_policySpin__E                                    
1002f1f9  xdc_runtime_Text_putMod__E                                         
1002f289  xdc_runtime_Memory_alloc__E                                        
1002f2f9  xdc_runtime_Core_createObject__I                                   
1002f367  xdc_runtime_Core_deleteObject__I                                   
1002f3c5  xdc_runtime_Text_putLab__E                                         
1002f421  xdc_runtime_Assert_raise__I                                        
1002f475  xdc_runtime_Startup_exec__E                                        
1002f4c9  xdc_runtime_Core_assignParams__I                                   
1002f511  xdc_runtime_Core_constructObject__I                                
1002f559  xdc_runtime_System_atexit__E                                       
1002f5a1  xdc_runtime_Text_xprintf__I                                        
1002f5e5  xdc_runtime_System_processAtExit__E                                
1002f625  xdc_runtime_System_putchar__I                                      
1002f659  xdc_runtime_Core_assignLabel__I                                    
1002f689  xdc_runtime_Text_printVisFxn__I                                    
1002f6b9  xdc_runtime_System_vprintf__E                                      
1002f6e5  xdc_runtime_Text_cordText__E                                       
1002f711  xdc_runtime_System_abort__E                                        
1002f739  xdc_runtime_Error_raiseX__E                                        
1002f759  xdc_runtime_Registry_findById__E                                   
1002f779  xdc_runtime_Error_check__E                                         
1002f795  xdc_runtime_Memory_valloc__E                                       
1002f7b1  xdc_runtime_System_exit__E                                         
1002f7cd  xdc_runtime_Text_ropeText__E                                       
1002f7e9  xdc_runtime_System_printf__E                                       
1002f803  xdc_runtime_Core_destructObject__I                                 
1002f81b  xdc_runtime_System_abortSpin__E                                    
1002f81d  xdc_runtime_Memory_free__E                                         
1002f831  xdc_runtime_Memory_getStats__E                                     
1002f845  xdc_runtime_SysCallback_abort__E                                   
1002f845  xdc_runtime_System_SupportProxy_abort__E                           
1002f859  xdc_runtime_SysCallback_exit__E                                    
1002f859  xdc_runtime_System_SupportProxy_exit__E                            
1002f86d  xdc_runtime_SysCallback_flush__E                                   
1002f86d  xdc_runtime_System_SupportProxy_flush__E                           
1002f86d  xdc_runtime_System_flush__E                                        
1002f881  xdc_runtime_SysCallback_putch__E                                   
1002f881  xdc_runtime_System_SupportProxy_putch__E                           
1002f895  xdc_runtime_SysCallback_ready__E                                   
1002f895  xdc_runtime_System_SupportProxy_ready__E                           
1002f8a9  xdc_runtime_Memory_getMaxDefaultTypeAlign__E                       
1002f8b9  xdc_runtime_System_vsnprintf__E                                    
1002f8c9  xdc_runtime_Timestamp_SupportProxy_get32__E                        
1002f8c9  xdc_runtime_Timestamp_SupportProxy_get32__E                        
1002f8c9  xdc_runtime_Timestamp_get32__E                                     
1002f8c9  xdc_runtime_Timestamp_get32__E                                     
1002f8d9  xdc_runtime_Memory_calloc__E                                       
1002f8e5  xdc_runtime_Startup_rtsDone__E                                     
1002f8f1  xdc_runtime_Memory_HeapProxy_alloc__E                              
1002f8fb  xdc_runtime_Memory_HeapProxy_free__E                               
1002f905  xdc_runtime_Memory_HeapProxy_getStats__E                           
1002f90f  xdc_runtime_Gate_leaveSystem__E                                    
1002f915  xdc_runtime_System_Module_startup__E                               
1002f91b  xdc_runtime_Gate_enterSystem__E                                    
1002f91f  xdc_runtime_SysCallback_Module__startupDone__S                     
1002f91f  xdc_runtime_System_SupportProxy_Module__startupDone__S             
1002f923  xdc_runtime_System_Module_GateProxy_enter__E                       
1002f927  xdc_runtime_System_Module_GateProxy_leave__E                       
1002f92b  xdc_runtime_System_printf_va__F                                    
1002f92f  xdc_runtime_System_exitSpin__E                                     
1002f931  ti_sysbios_family_arm_m3_Hwi_dispatch__I                           
1002fa11  ti_sysbios_family_arm_m3_Hwi_interruptsAreDisabledButShouldNotBe   
1002fa2d  ti_sysbios_family_arm_m3_TaskSupport_buildTaskStack                
1002fab9  ti_sysbios_family_arm_m3_Hwi_initStacks__E                         
1002fb11  ti_sysbios_family_arm_m3_Hwi_pendSV__I                             
1002fb35  ti_sysbios_family_arm_m3_Hwi_return                                
1002fb39  ti_sysbios_family_arm_m3_Hwi_excHandlerAsm__I                      
1002fb59  ti_sysbios_family_xxx_Hwi_switchAndRunFunc                         
1002fb77  ti_sysbios_family_arm_m3_TaskSupport_swap__E                       
1002fb77  ti_sysbios_knl_Task_SupportProxy_swap__E                           
1002fb77  ti_sysbios_knl_Task_SupportProxy_swap__E                           
1002fb83  ti_sysbios_knl_Task_swapReturn                                     
1002fb8f  ti_sysbios_family_arm_m3_TaskSupport_glue                          
1002fba0  ti_sysbios_knl_Task_Object__PARAMS__C                              
1002fbdc  ti_sysbios_knl_Mailbox_Object__PARAMS__C                           
1002fc10  ti_sysbios_family_arm_m3_Hwi_Object__PARAMS__C                     
1002fc40  ti_sysbios_hal_Hwi_Object__PARAMS__C                               
1002fc6c  ti_sysbios_knl_Swi_Object__PARAMS__C                               
1002fc94  ti_sysbios_heaps_HeapMem_Object__PARAMS__C                         
1002fcb8  ti_sysbios_knl_Clock_Object__PARAMS__C                             
1002fcdc  ti_sysbios_knl_Semaphore_Object__PARAMS__C                         
1002fd00  ti_sysbios_gates_GateHwi_Object__PARAMS__C                         
1002fd18  ti_sysbios_gates_GateMutex_Object__PARAMS__C                       
1002fd30  ti_sysbios_knl_Event_Object__PARAMS__C                             
1002fd48  ti_sysbios_knl_Queue_Object__PARAMS__C                             
1002fd80  ti_sysbios_heaps_HeapTrack_Object__PARAMS__C                       
1002fd9c  ti_sysbios_heaps_HeapTrack_Instance_State_trackQueue__O            
1002fda0  ti_sysbios_heaps_HeapTrack_Module__diagsEnabled__C                 
1002fda4  ti_sysbios_heaps_HeapTrack_Module__diagsIncluded__C                
1002fda8  ti_sysbios_heaps_HeapTrack_Module__diagsMask__C                    
1002fddb  strlen                                                             
20000000  __start___llvm_prf_cnts                                            
20000000  __stop___llvm_prf_cnts                                             
20000000  ti_sysbios_family_arm_m3_Hwi_ramVectors                            
20000100  xdcRomConstPtr                                                     
20000104  xdcRomExternFuncPtr                                                
20000108  xdcRomStatePtr                                                     
20000110  __primary_heap_start__                                             
20004110  __primary_heap_end__                                               
20004910  ti_sysbios_knl_Task_Instance_State_0_stack__A                      
20004b10  uartCC26XXObjects                                                  
20004ccc  ti_sysbios_family_arm_m3_Hwi_dispatchTable                         
20004da4  pinHandleTable                                                     
20004f44  PowerCC26XX_swiKey                                                 
20004f48  PowerCC26XX_taskKey                                                
20004f4c  uart                                                               
20004f50  driverlib_release_0_60278                                          
20004f58  bufff                                                              
20005358  PowerCC26X2_module                                                 
200054c8  ROM_stateStruct                                                    
200054c8  ti_sysbios_knl_Clock_Module__state__V                              
200054f4  ti_sysbios_family_arm_cc26xx_TimestampProvider_Module__state__V    
200054f8  xdc_runtime_Startup_Module__state__V                               
20005500  xdc_runtime_Registry_Module__state__V                              
20005508  ti_sysbios_BIOS_Module__state__V                                   
2000552c  ti_sysbios_knl_Swi_Module__state__V                                
20005548  ti_sysbios_knl_Task_Module__state__V                               
2000558c  xdc_runtime_Memory_Module__state__V                                
20005590  xdc_runtime_System_Module__state__V                                
20005598  ti_sysbios_family_arm_m3_Hwi_Module__state__V                      
200055cc  ti_sysbios_family_arm_cc26xx_Timer_Module__state__V                
20005688  ti_sysbios_knl_Task_Object__table__V                               
200056d4  gpioCallbackFunctions                                              
200056d8  ti_sysbios_family_arm_cc26xx_Timer_Object__table__V                
20005720  ti_sysbios_gates_GateMutex_Object__table__V                        
20005758  ti_sysbios_knl_Swi_Module_State_0_readyQ__A                        
20005788  ti_sysbios_knl_Swi_Object__table__V                                
200057b8  ti_sysbios_knl_Task_Module_State_0_readyQ__A                       
200057e8  _hposcCoeffs                                                       
2000580c  ti_sysbios_knl_Clock_Object__table__V                              
2000582c  xdc_runtime_Error_IgnoreBlock                                      
2000584c  ti_sysbios_family_arm_m3_Hwi_Object__table__V                      
20005864  ti_sysbios_heaps_HeapMem_Object__table__V                          
2000587c  _lock                                                              
20005880  _unlock                                                            
20005884  pinUpperBound                                                      
20005888  pinLowerBound                                                      
2000588c  ti_sysbios_family_arm_m3_Hwi_Module__root__V                       
20005894  ti_sysbios_gates_GateHwi_Module__root__V                           
2000589c  ti_sysbios_gates_GateMutex_Module__root__V                         
200058a4  ti_sysbios_hal_Hwi_Module__root__V                                 
200058ac  ti_sysbios_heaps_HeapMem_Module__root__V                           
200058b4  ti_sysbios_knl_Clock_Module__root__V                               
200058bc  ti_sysbios_knl_Event_Module__root__V                               
200058c4  ti_sysbios_knl_Mailbox_Module__root__V                             
200058cc  ti_sysbios_knl_Queue_Module__root__V                               
200058d4  ti_sysbios_knl_Semaphore_Module__root__V                           
200058dc  ti_sysbios_knl_Swi_Module__root__V                                 
200058e4  ti_sysbios_knl_Task_Module__root__V                                
200058ec  xdc_runtime_System_Module_State_0_atexitHandlers__A                
200058fa  ti_sysbios_family_arm_m3_Hwi_Module_State_0_excActive__A           
200058fc  gpioPinConfigs                                                     
20005904  main_func_sp                                                       
2000590c  ti_sysbios_family_arm_m3_Hwi_Module_State_0_excContext__A          
20005910  ti_sysbios_family_arm_m3_Hwi_Module_State_0_excStack__A            
20005914  ti_sysbios_knl_Task_Module_State_0_idleTask__A                     
20005918  flag                                                               
20013c00  __stack                                                            
20014000  __STACK_END                                                        
e000e000  ti_sysbios_family_arm_m3_Hwi_nvic                                  
ffffffff  __TI_pprof_out_hndl                                                
ffffffff  __TI_prof_data_size                                                
ffffffff  __TI_prof_data_start                                               
ffffffff  __binit__                                                          
ffffffff  __c_args__                                                         
ffffffff  binit                                                              
UNDEFED   ITM_flush                                                          
UNDEFED   ITM_restore                                                        
UNDEFED   SHT$$INIT_ARRAY$$Base                                              
UNDEFED   SHT$$INIT_ARRAY$$Limit                                             

[848 symbols]
